Component: ARM Compiler 5.06 update 7 (build 960) Tool: armlink [4d3601]

==============================================================================

Section Cross References

    startup_stm32h743xx.o(RESET) refers to startup_stm32h743xx.o(STACK) for __initial_sp
    startup_stm32h743xx.o(RESET) refers to startup_stm32h743xx.o(.text) for Reset_Handler
    startup_stm32h743xx.o(RESET) refers to stm32h7xx_it.o(i.NMI_Handler) for NMI_Handler
    startup_stm32h743xx.o(RESET) refers to hardfaulthandler.o(OSKERNEL) for HardFault_Handler
    startup_stm32h743xx.o(RESET) refers to stm32h7xx_it.o(i.MemManage_Handler) for MemManage_Handler
    startup_stm32h743xx.o(RESET) refers to stm32h7xx_it.o(i.BusFault_Handler) for BusFault_Handler
    startup_stm32h743xx.o(RESET) refers to stm32h7xx_it.o(i.UsageFault_Handler) for UsageFault_Handler
    startup_stm32h743xx.o(RESET) refers to port.o(.emb_text) for SVC_Handler
    startup_stm32h743xx.o(RESET) refers to stm32h7xx_it.o(i.DebugMon_Handler) for DebugMon_Handler
    startup_stm32h743xx.o(RESET) refers to port.o(i.SysTick_Handler) for SysTick_Handler
    startup_stm32h743xx.o(RESET) refers to bsp_timer.o(i.TIM2_IRQHandler) for TIM2_IRQHandler
    startup_stm32h743xx.o(RESET) refers to bsp_uart_fifo.o(i.USART1_IRQHandler) for USART1_IRQHandler
    startup_stm32h743xx.o(RESET) refers to bsp_uart_fifo.o(i.USART3_IRQHandler) for USART3_IRQHandler
    startup_stm32h743xx.o(.text) refers to system_stm32h7xx.o(i.SystemInit) for SystemInit
    startup_stm32h743xx.o(.text) refers to entry.o(.ARM.Collect$$$$00000000) for __main
    system_stm32h7xx.o(i.SystemCoreClockUpdate) refers to system_stm32h7xx.o(.data) for SystemCoreClock
    system_stm32h7xx.o(i.SystemCoreClockUpdate) refers to system_stm32h7xx.o(.constdata) for D1CorePrescTable
    stm32h7xx_hal.o(i.HAL_DeInit) refers to stm32h7xx_hal.o(i.HAL_MspDeInit) for HAL_MspDeInit
    stm32h7xx_hal.o(i.HAL_Delay) refers to stm32h7xx_hal.o(i.HAL_GetTick) for HAL_GetTick
    stm32h7xx_hal.o(i.HAL_Delay) refers to stm32h7xx_hal.o(.data) for uwTickFreq
    stm32h7xx_hal.o(i.HAL_GetTick) refers to stm32h7xx_hal.o(.data) for uwTick
    stm32h7xx_hal.o(i.HAL_GetTickFreq) refers to stm32h7xx_hal.o(.data) for uwTickFreq
    stm32h7xx_hal.o(i.HAL_GetTickPrio) refers to stm32h7xx_hal.o(.data) for uwTickPrio
    stm32h7xx_hal.o(i.HAL_IncTick) refers to stm32h7xx_hal.o(.data) for uwTick
    stm32h7xx_hal.o(i.HAL_Init) refers to stm32h7xx_hal_cortex.o(i.HAL_NVIC_SetPriorityGrouping) for HAL_NVIC_SetPriorityGrouping
    stm32h7xx_hal.o(i.HAL_Init) refers to stm32h7xx_hal.o(i.HAL_InitTick) for HAL_InitTick
    stm32h7xx_hal.o(i.HAL_Init) refers to stm32h7xx_hal.o(i.HAL_MspInit) for HAL_MspInit
    stm32h7xx_hal.o(i.HAL_InitTick) refers to stm32h7xx_hal_cortex.o(i.HAL_SYSTICK_Config) for HAL_SYSTICK_Config
    stm32h7xx_hal.o(i.HAL_InitTick) refers to stm32h7xx_hal_cortex.o(i.HAL_NVIC_SetPriority) for HAL_NVIC_SetPriority
    stm32h7xx_hal.o(i.HAL_InitTick) refers to stm32h7xx_hal.o(.data) for uwTickFreq
    stm32h7xx_hal.o(i.HAL_InitTick) refers to system_stm32h7xx.o(.data) for SystemCoreClock
    stm32h7xx_hal.o(i.HAL_SYSCFG_EnableVREFBUF) refers to stm32h7xx_hal.o(i.HAL_GetTick) for HAL_GetTick
    stm32h7xx_hal.o(i.HAL_SetTickFreq) refers to stm32h7xx_hal.o(i.HAL_InitTick) for HAL_InitTick
    stm32h7xx_hal.o(i.HAL_SetTickFreq) refers to stm32h7xx_hal.o(.data) for uwTickFreq
    stm32h7xx_hal_cortex.o(i.HAL_NVIC_GetPriorityGrouping) refers to stm32h7xx_hal_cortex.o(i.__NVIC_GetPriorityGrouping) for __NVIC_GetPriorityGrouping
    stm32h7xx_hal_cortex.o(i.HAL_NVIC_SetPriority) refers to stm32h7xx_hal_cortex.o(i.__NVIC_GetPriorityGrouping) for __NVIC_GetPriorityGrouping
    stm32h7xx_hal_cortex.o(i.HAL_NVIC_SetPriority) refers to stm32h7xx_hal_cortex.o(i.__NVIC_SetPriority) for __NVIC_SetPriority
    stm32h7xx_hal_cortex.o(i.HAL_SYSTICK_Config) refers to stm32h7xx_hal_cortex.o(i.__NVIC_SetPriority) for __NVIC_SetPriority
    stm32h7xx_hal_cortex.o(i.HAL_SYSTICK_IRQHandler) refers to stm32h7xx_hal_cortex.o(i.HAL_SYSTICK_Callback) for HAL_SYSTICK_Callback
    stm32h7xx_hal_rcc.o(i.HAL_RCC_ClockConfig) refers to stm32h7xx_hal.o(i.HAL_GetTick) for HAL_GetTick
    stm32h7xx_hal_rcc.o(i.HAL_RCC_ClockConfig) refers to stm32h7xx_hal_rcc.o(i.HAL_RCC_GetSysClockFreq) for HAL_RCC_GetSysClockFreq
    stm32h7xx_hal_rcc.o(i.HAL_RCC_ClockConfig) refers to stm32h7xx_hal.o(i.HAL_InitTick) for HAL_InitTick
    stm32h7xx_hal_rcc.o(i.HAL_RCC_ClockConfig) refers to system_stm32h7xx.o(.constdata) for D1CorePrescTable
    stm32h7xx_hal_rcc.o(i.HAL_RCC_ClockConfig) refers to system_stm32h7xx.o(.data) for SystemCoreClock
    stm32h7xx_hal_rcc.o(i.HAL_RCC_GetHCLKFreq) refers to stm32h7xx_hal_rcc_ex.o(i.HAL_RCCEx_GetD1SysClockFreq) for HAL_RCCEx_GetD1SysClockFreq
    stm32h7xx_hal_rcc.o(i.HAL_RCC_GetHCLKFreq) refers to system_stm32h7xx.o(.constdata) for D1CorePrescTable
[...]
    i.USART3_IRQHandler                      0x08005274   Section        0  bsp_uart_fifo.o(i.USART3_IRQHandler)
    i.UartIRQ                                0x08005284   Section        0  bsp_uart_fifo.o(i.UartIRQ)
    UartIRQ                                  0x08005285   Thumb Code   378  bsp_uart_fifo.o(i.UartIRQ)
    i.UartVarInit                            0x08005400   Section        0  bsp_uart_fifo.o(i.UartVarInit)
    UartVarInit                              0x08005401   Thumb Code   102  bsp_uart_fifo.o(i.UartVarInit)
    i.UsageFault_Handler                     0x08005494   Section        0  stm32h7xx_it.o(i.UsageFault_Handler)
    i.__0printf$3                            0x08005498   Section        0  printf3.o(i.__0printf$3)
    i.__NVIC_GetPriorityGrouping             0x080054b8   Section        0  stm32h7xx_hal_cortex.o(i.__NVIC_GetPriorityGrouping)
    __NVIC_GetPriorityGrouping               0x080054b9   Thumb Code    10  stm32h7xx_hal_cortex.o(i.__NVIC_GetPriorityGrouping)
    i.__NVIC_SetPriority                     0x080054c8   Section        0  stm32h7xx_hal_cortex.o(i.__NVIC_SetPriority)
    __NVIC_SetPriority                       0x080054c9   Thumb Code    32  stm32h7xx_hal_cortex.o(i.__NVIC_SetPriority)
    i.__scatterload_copy                     0x080054f0   Section       14  handlers.o(i.__scatterload_copy)
    i.__scatterload_null                     0x080054fe   Section        2  handlers.o(i.__scatterload_null)
    i.__scatterload_zeroinit                 0x08005500   Section       14  handlers.o(i.__scatterload_zeroinit)
    i._printf_core                           0x08005510   Section        0  printf3.o(i._printf_core)
    _printf_core                             0x08005511   Thumb Code   436  printf3.o(i._printf_core)
    i.bsp_Init                               0x080056c8   Section        0  bsp.o(i.bsp_Init)
    i.bsp_InitExtIO                          0x080056f0   Section        0  bsp_fmc_io.o(i.bsp_InitExtIO)
    i.bsp_InitKey                            0x08005714   Section        0  bsp_key.o(i.bsp_InitKey)
    i.bsp_InitKeyHard                        0x08005720   Section        0  bsp_key.o(i.bsp_InitKeyHard)
    bsp_InitKeyHard                          0x08005721   Thumb Code   184  bsp_key.o(i.bsp_InitKeyHard)
    i.bsp_InitKeyVar                         0x080057e0   Section        0  bsp_key.o(i.bsp_InitKeyVar)
    bsp_InitKeyVar                           0x080057e1   Thumb Code   112  bsp_key.o(i.bsp_InitKeyVar)
    i.bsp_InitLed                            0x08005858   Section        0  bsp_led.o(i.bsp_InitLed)
    i.bsp_InitUart                           0x08005874   Section        0  bsp_uart_fifo.o(i.bsp_InitUart)
    i.bsp_LedOff                             0x08005884   Section        0  bsp_led.o(i.bsp_LedOff)
    i.bsp_LedToggle                          0x080058c0   Section        0  bsp_led.o(i.bsp_LedToggle)
    i.bsp_SetKeyParam                        0x08005908   Section        0  bsp_key.o(i.bsp_SetKeyParam)
    i.bsp_SetUartParam                       0x0800592c   Section        0  bsp_uart_fifo.o(i.bsp_SetUartParam)
    i.bsp_sd_init                            0x08005994   Section        0  bsp_sd_card.o(i.bsp_sd_init)
    i.fputc                                  0x08005a20   Section        0  bsp_uart_fifo.o(i.fputc)
    i.main                                   0x08005a38   Section        0  main.o(i.main)
    i.prvAddCurrentTaskToDelayedList         0x08005a4c   Section        0  tasks.o(i.prvAddCurrentTaskToDelayedList)
    prvAddCurrentTaskToDelayedList           0x08005a4d   Thumb Code   124  tasks.o(i.prvAddCurrentTaskToDelayedList)
    i.prvAddNewTaskToReadyList               0x08005ae4   Section        0  tasks.o(i.prvAddNewTaskToReadyList)
    prvAddNewTaskToReadyList                 0x08005ae5   Thumb Code   156  tasks.o(i.prvAddNewTaskToReadyList)
    i.prvCheckForValidListAndQueue           0x08005b9c   Section        0  timers.o(i.prvCheckForValidListAndQueue)
    prvCheckForValidListAndQueue             0x08005b9d   Thumb Code    72  timers.o(i.prvCheckForValidListAndQueue)
    i.prvCheckTasksWaitingTermination        0x08005c00   Section        0  tasks.o(i.prvCheckTasksWaitingTermination)
    prvCheckTasksWaitingTermination          0x08005c01   Thumb Code    60  tasks.o(i.prvCheckTasksWaitingTermination)
    i.prvCopyDataFromQueue                   0x08005c48   Section        0  queue.o(i.prvCopyDataFromQueue)
    prvCopyDataFromQueue                     0x08005c49   Thumb Code    42  queue.o(i.prvCopyDataFromQueue)
    i.prvCopyDataToQueue                     0x08005c72   Section        0  queue.o(i.prvCopyDataToQueue)
    prvCopyDataToQueue                       0x08005c73   Thumb Code   126  queue.o(i.prvCopyDataToQueue)
    i.prvDeleteTCB                           0x08005cf0   Section        0  tasks.o(i.prvDeleteTCB)
    prvDeleteTCB                             0x08005cf1   Thumb Code    18  tasks.o(i.prvDeleteTCB)
    i.prvGetNextExpireTime                   0x08005d04   Section        0  timers.o(i.prvGetNextExpireTime)
    prvGetNextExpireTime                     0x08005d05   Thumb Code    36  timers.o(i.prvGetNextExpireTime)
    i.prvHeapInit                            0x08005d2c   Section        0  heap_4.o(i.prvHeapInit)
    prvHeapInit                              0x08005d2d   Thumb Code    98  heap_4.o(i.prvHeapInit)
    i.prvIdleTask                            0x08005da8   Section        0  tasks.o(i.prvIdleTask)
    prvIdleTask                              0x08005da9   Thumb Code    32  tasks.o(i.prvIdleTask)
    i.prvInitialiseNewQueue                  0x08005dd0   Section        0  queue.o(i.prvInitialiseNewQueue)
    prvInitialiseNewQueue                    0x08005dd1   Thumb Code    42  queue.o(i.prvInitialiseNewQueue)
    i.prvInitialiseNewTask                   0x08005dfa   Section        0  tasks.o(i.prvInitialiseNewTask)
    prvInitialiseNewTask                     0x08005dfb   Thumb Code   194  tasks.o(i.prvInitialiseNewTask)
    i.prvInitialiseTaskLists                 0x08005ebc   Section        0  tasks.o(i.prvInitialiseTaskLists)
    prvInitialiseTaskLists                   0x08005ebd   Thumb Code    70  tasks.o(i.prvInitialiseTaskLists)
    i.prvInsertBlockIntoFreeList             0x08005f24   Section        0  heap_4.o(i.prvInsertBlockIntoFreeList)
    prvInsertBlockIntoFreeList               0x08005f25   Thumb Code    96  heap_4.o(i.prvInsertBlockIntoFreeList)
    i.prvInsertTimerInActiveList             0x08005f8c   Section        0  timers.o(i.prvInsertTimerInActiveList)
    prvInsertTimerInActiveList               0x08005f8d   Thumb Code    80  timers.o(i.prvInsertTimerInActiveList)
    i.prvIsQueueEmpty                        0x08005fe4   Section        0  queue.o(i.prvIsQueueEmpty)
    prvIsQueueEmpty                          0x08005fe5   Thumb Code    26  queue.o(i.prvIsQueueEmpty)
    i.prvIsQueueFull                         0x08005ffe   Section        0  queue.o(i.prvIsQueueFull)
    prvIsQueueFull                           0x08005fff   Thumb Code    30  queue.o(i.prvIsQueueFull)
    i.prvProcessExpiredTimer                 0x0800601c   Section        0  timers.o(i.prvProcessExpiredTimer)
    prvProcessExpiredTimer                   0x0800601d   Thumb Code   114  timers.o(i.prvProcessExpiredTimer)
    i.prvProcessReceivedCommands             0x08006094   Section        0  timers.o(i.prvProcessReceivedCommands)
    prvProcessReceivedCommands               0x08006095   Thumb Code   362  timers.o(i.prvProcessReceivedCommands)
    i.prvProcessTimerOrBlockTask             0x08006204   Section        0  timers.o(i.prvProcessTimerOrBlockTask)
    prvProcessTimerOrBlockTask               0x08006205   Thumb Code   102  timers.o(i.prvProcessTimerOrBlockTask)
    i.prvResetNextTaskUnblockTime            0x08006278   Section        0  tasks.o(i.prvResetNextTaskUnblockTime)
    prvResetNextTaskUnblockTime              0x08006279   Thumb Code    40  tasks.o(i.prvResetNextTaskUnblockTime)
    i.prvSampleTimeNow                       0x080062a8   Section        0  timers.o(i.prvSampleTimeNow)
    prvSampleTimeNow                         0x080062a9   Thumb Code    40  timers.o(i.prvSampleTimeNow)
    i.prvSwitchTimerLists                    0x080062d4   Section        0  timers.o(i.prvSwitchTimerLists)
    prvSwitchTimerLists                      0x080062d5   Thumb Code   158  timers.o(i.prvSwitchTimerLists)
    i.prvTaskExitError                       0x0800637c   Section        0  port.o(i.prvTaskExitError)
    prvTaskExitError                         0x0800637d   Thumb Code    68  port.o(i.prvTaskExitError)
    i.prvTimerTask                           0x080063c4   Section        0  timers.o(i.prvTimerTask)
    prvTimerTask                             0x080063c5   Thumb Code    26  timers.o(i.prvTimerTask)
    i.prvUnlockQueue                         0x080063de   Section        0  queue.o(i.prvUnlockQueue)
    prvUnlockQueue                           0x080063df   Thumb Code   126  queue.o(i.prvUnlockQueue)
    i.pvPortMalloc                           0x0800645c   Section        0  heap_4.o(i.pvPortMalloc)
    i.pxPortInitialiseStack                  0x080065b4   Section        0  port.o(i.pxPortInitialiseStack)
    i.uxListRemove                           0x080065e0   Section        0  list.o(i.uxListRemove)
    i.vListInitialise                        0x08006608   Section        0  list.o(i.vListInitialise)
    i.vListInitialiseItem                    0x08006622   Section        0  list.o(i.vListInitialiseItem)
    i.vListInsert                            0x08006628   Section        0  list.o(i.vListInsert)
    i.vListInsertEnd                         0x0800665c   Section        0  list.o(i.vListInsertEnd)
    i.vPortEnterCritical                     0x08006674   Section        0  port.o(i.vPortEnterCritical)
    i.vPortExitCritical                      0x080066d0   Section        0  port.o(i.vPortExitCritical)
    i.vPortFree                              0x08006710   Section        0  heap_4.o(i.vPortFree)
    i.vPortSetupTimerInterrupt               0x080067bc   Section        0  port.o(i.vPortSetupTimerInterrupt)
    i.vPortValidateInterruptPriority         0x080067e4   Section        0  port.o(i.vPortValidateInterruptPriority)
    i.vQueueAddToRegistry                    0x08006864   Section        0  queue.o(i.vQueueAddToRegistry)
    i.vQueueWaitForMessageRestricted         0x08006890   Section        0  queue.o(i.vQueueWaitForMessageRestricted)
    i.vTaskDelay                             0x080068dc   Section        0  tasks.o(i.vTaskDelay)
    i.vTaskInternalSetTimeOutState           0x0800693c   Section        0  tasks.o(i.vTaskInternalSetTimeOutState)
    i.vTaskLED                               0x08006954   Section        0  task.o(i.vTaskLED)
    vTaskLED                                 0x08006955   Thumb Code    16  task.o(i.vTaskLED)
    i.vTaskMissedYield                       0x08006964   Section        0  tasks.o(i.vTaskMissedYield)
    i.vTaskPlaceOnEventList                  0x08006970   Section        0  tasks.o(i.vTaskPlaceOnEventList)
    i.vTaskPlaceOnEventListRestricted        0x080069ac   Section        0  tasks.o(i.vTaskPlaceOnEventListRestricted)
    i.vTaskStartScheduler                    0x080069f0   Section        0  tasks.o(i.vTaskStartScheduler)
    i.vTaskSuspendAll                        0x08006a8c   Section        0  tasks.o(i.vTaskSuspendAll)
    i.vTaskSwitchContext                     0x08006a9c   Section        0  tasks.o(i.vTaskSwitchContext)
    i.xPortStartScheduler                    0x08006b2c   Section        0  port.o(i.xPortStartScheduler)
    i.xQueueGenericCreate                    0x08006c40   Section        0  queue.o(i.xQueueGenericCreate)
    i.xQueueGenericReset                     0x08006cc4   Section        0  queue.o(i.xQueueGenericReset)
    i.xQueueGenericSend                      0x08006d60   Section        0  queue.o(i.xQueueGenericSend)
    i.xQueueGenericSendFromISR               0x08006f18   Section        0  queue.o(i.xQueueGenericSendFromISR)
    i.xQueueReceive                          0x0800704c   Section        0  queue.o(i.xQueueReceive)
    i.xTaskCheckForTimeOut                   0x080071c0   Section        0  tasks.o(i.xTaskCheckForTimeOut)
    i.xTaskCreate                            0x08007258   Section        0  tasks.o(i.xTaskCreate)
    i.xTaskGetSchedulerState                 0x080072b8   Section        0  tasks.o(i.xTaskGetSchedulerState)
    i.xTaskGetTickCount                      0x080072d8   Section        0  tasks.o(i.xTaskGetTickCount)
    i.xTaskIncrementTick                     0x080072e4   Section        0  tasks.o(i.xTaskIncrementTick)
    i.xTaskPriorityDisinherit                0x08007430   Section        0  tasks.o(i.xTaskPriorityDisinherit)
    i.xTaskRemoveFromEventList               0x080074f4   Section        0  tasks.o(i.xTaskRemoveFromEventList)
    i.xTaskResumeAll                         0x08007590   Section        0  tasks.o(i.xTaskResumeAll)
    i.xTimerCreateTimerTask                  0x08007698   Section        0  timers.o(i.xTimerCreateTimerTask)
    i.xTimerGenericCommand                   0x080076f0   Section        0  timers.o(i.xTimerGenericCommand)
    .constdata                               0x08007778   Section       64  system_stm32h7xx.o(.constdata)
    UARTPrescTable                           0x08007778   Data          24  system_stm32h7xx.o(.constdata)
    USARTPrescTable                          0x08007790   Data          24  system_stm32h7xx.o(.constdata)
    .constdata                               0x080077b8   Section       48  stm32h7xx_hal_uart.o(.constdata)
    UARTPrescTable                           0x080077b8   Data          24  stm32h7xx_hal_uart.o(.constdata)
    USARTPrescTable                          0x080077d0   Data          24  stm32h7xx_hal_uart.o(.constdata)
    .constdata                               0x080077e8   Section      112  bsp_key.o(.constdata)
    UARTPrescTable                           0x080077e8   Data          24  bsp_key.o(.constdata)
    USARTPrescTable                          0x08007800   Data          24  bsp_key.o(.constdata)
    s_gpio_list                              0x08007818   Data          64  bsp_key.o(.constdata)
    .data                                    0x20000000   Section        8  system_stm32h7xx.o(.data)
    .data                                    0x20000008   Section        9  stm32h7xx_hal.o(.data)
    uwTick                                   0x20000008   Data           4  stm32h7xx_hal.o(.data)
    uwTickPrio                               0x2000000c   Data           4  stm32h7xx_hal.o(.data)
    uwTickFreq                               0x20000010   Data           1  stm32h7xx_hal.o(.data)
    .data                                    0x20000014   Section       30  bsp_timer.o(.data)
    s_TIM_CallBack1                          0x20000014   Data           4  bsp_timer.o(.data)
    s_TIM_CallBack2                          0x20000018   Data           4  bsp_timer.o(.data)
    s_TIM_CallBack3                          0x2000001c   Data           4  bsp_timer.o(.data)
    s_TIM_CallBack4                          0x20000020   Data           4  bsp_timer.o(.data)
    s_uiDelayCount                           0x20000024   Data           4  bsp_timer.o(.data)
    s_ucTimeOutFlag                          0x20000028   Data           1  bsp_timer.o(.data)
    g_ucEnableSystickISR                     0x20000030   Data           1  bsp_timer.o(.data)
    s_count                                  0x20000031   Data           1  bsp_timer.o(.data)
    .data                                    0x20000034   Section        4  bsp_fmc_io.o(.data)
    .data                                    0x20000038   Section       12  task.o(.data)
    .data                                    0x20000044   Section       60  tasks.o(.data)
    pxDelayedTaskList                        0x20000048   Data           4  tasks.o(.data)
    pxOverflowDelayedTaskList                0x2000004c   Data           4  tasks.o(.data)
    uxDeletedTasksWaitingCleanUp             0x20000050   Data           4  tasks.o(.data)
    uxCurrentNumberOfTasks                   0x20000054   Data           4  tasks.o(.data)
    xTickCount                               0x20000058   Data           4  tasks.o(.data)
    uxTopReadyPriority                       0x2000005c   Data           4  tasks.o(.data)
    xSchedulerRunning                        0x20000060   Data           4  tasks.o(.data)
    xPendedTicks                             0x20000064   Data           4  tasks.o(.data)
    xYieldPending                            0x20000068   Data           4  tasks.o(.data)
    xNumOfOverflows                          0x2000006c   Data           4  tasks.o(.data)
    uxTaskNumber                             0x20000070   Data           4  tasks.o(.data)
    xNextTaskUnblockTime                     0x20000074   Data           4  tasks.o(.data)
    xIdleTaskHandle                          0x20000078   Data           4  tasks.o(.data)
    uxSchedulerSuspended                     0x2000007c   Data           4  tasks.o(.data)
    .data                                    0x20000080   Section       20  timers.o(.data)
    pxCurrentTimerList                       0x20000080   Data           4  timers.o(.data)
    pxOverflowTimerList                      0x20000084   Data           4  timers.o(.data)
    xTimerQueue                              0x20000088   Data           4  timers.o(.data)
    xTimerTaskHandle                         0x2000008c   Data           4  timers.o(.data)
    xLastTime                                0x20000090   Data           4  timers.o(.data)
    .data                                    0x20000094   Section       12  port.o(.data)
    uxCriticalNesting                        0x20000094   Data           4  port.o(.data)
    ucMaxSysCallPriority                     0x20000098   Data           1  port.o(.data)
    ulMaxPRIGROUPValue                       0x2000009c   Data           4  port.o(.data)
    .data                                    0x200000a0   Section       32  heap_4.o(.data)
    xStart                                   0x200000a0   Data           8  heap_4.o(.data)
    pxEnd                                    0x200000a8   Data           4  heap_4.o(.data)
    xFreeBytesRemaining                      0x200000ac   Data           4  heap_4.o(.data)
    xMinimumEverFreeBytesRemaining           0x200000b0   Data           4  heap_4.o(.data)
    xNumberOfSuccessfulAllocations           0x200000b4   Data           4  heap_4.o(.data)
    xNumberOfSuccessfulFrees                 0x200000b8   Data           4  heap_4.o(.data)
    xBlockAllocatedBit                       0x200000bc   Data           4  heap_4.o(.data)
    .data                                    0x200000c0   Section        4  segger_hardfaulthandler.o(.data)
    _Continue                                0x200000c0   Data           4  segger_hardfaulthandler.o(.data)
    .data                                    0x200000c4   Section        4  stdout.o(.data)
    .bss                                     0x200000c8   Section      173  bsp_key.o(.bss)
    s_tBtn                                   0x200000c8   Data         160  bsp_key.o(.bss)
    s_tKey                                   0x20000168   Data          13  bsp_key.o(.bss)
    .bss                                     0x20000178   Section     4184  bsp_uart_fifo.o(.bss)
    g_tUart1                                 0x20000178   Data          44  bsp_uart_fifo.o(.bss)
    g_TxBuf1                                 0x200001a4   Data        1024  bsp_uart_fifo.o(.bss)
    g_RxBuf1                                 0x200005a4   Data        1024  bsp_uart_fifo.o(.bss)
    g_tUart3                                 0x200009a4   Data          44  bsp_uart_fifo.o(.bss)
    g_TxBuf3                                 0x200009d0   Data        1024  bsp_uart_fifo.o(.bss)
    g_RxBuf3                                 0x20000dd0   Data        1024  bsp_uart_fifo.o(.bss)
    .bss                                     0x200011d0   Section      124  bsp_sd_card.o(.bss)
    .bss                                     0x2000124c   Section       64  queue.o(.bss)
    .bss                                     0x2000128c   Section      740  tasks.o(.bss)
    pxReadyTasksLists                        0x2000128c   Data         640  tasks.o(.bss)
    xDelayedTaskList1                        0x2000150c   Data          20  tasks.o(.bss)
    xDelayedTaskList2                        0x20001520   Data          20  tasks.o(.bss)
    xPendingReadyList                        0x20001534   Data          20  tasks.o(.bss)
    xTasksWaitingTermination                 0x20001548   Data          20  tasks.o(.bss)
    xSuspendedTaskList                       0x2000155c   Data          20  tasks.o(.bss)
    .bss                                     0x20001570   Section       40  timers.o(.bss)
    xActiveTimerList1                        0x20001570   Data          20  timers.o(.bss)
    xActiveTimerList2                        0x20001584   Data          20  timers.o(.bss)
    .bss                                     0x20001598   Section    15360  heap_4.o(.bss)
    ucHeap                                   0x20001598   Data       15360  heap_4.o(.bss)
    .bss                                     0x20005198   Section       64  segger_hardfaulthandler.o(.bss)
    HardFaultRegs                            0x20005198   Data          64  segger_hardfaulthandler.o(.bss)
    STACK                                    0x200051d8   Section     4096  startup_stm32h743xx.o(STACK)

    Global Symbols

    Symbol Name                              Value     Ov Type        Size  Object(Section)

    BuildAttributes$$THM_ISAv4$E$P$D$K$B$S$7EM$VFPv5_D16$PE$PLD8$A:L22UL41UL21$X:L11$S22US41US21$IEEE1$IW$USESV6$~STKCKD$USESV7$~SHL$OSPACE$ROPI$EBA8$MICROLIB$REQ8$PRES8$EABIv2 0x00000000   Number         0  anon$$obj.o ABSOLUTE
    __ARM_use_no_argv                        0x00000000   Number         0  main.o ABSOLUTE
    _printf_a                                0x00000000   Number         0  stubs.o ABSOLUTE
    _printf_c                                0x00000000   Number         0  stubs.o ABSOLUTE
    _printf_charcount                        0x00000000   Number         0  stubs.o ABSOLUTE
    _printf_d                                0x00000000   Number         0  stubs.o ABSOLUTE
    _printf_e                                0x00000000   Number         0  stubs.o ABSOLUTE
    _printf_f                                0x00000000   Number         0  stubs.o ABSOLUTE
    _printf_flags                            0x00000000   Number         0  stubs.o ABSOLUTE
    _printf_fp_dec                           0x00000000   Number         0  stubs.o ABSOLUTE
    _printf_fp_hex                           0x00000000   Number         0  stubs.o ABSOLUTE
    _printf_g                                0x00000000   Number         0  stubs.o ABSOLUTE
    _printf_i                                0x00000000   Number         0  stubs.o ABSOLUTE
    _printf_int_dec                          0x00000000   Number         0  stubs.o ABSOLUTE
    _printf_l                                0x00000000   Number         0  stubs.o ABSOLUTE
    _printf_lc                               0x00000000   Number         0  stubs.o ABSOLUTE
    _printf_ll                               0x00000000   Number         0  stubs.o ABSOLUTE
    _printf_lld                              0x00000000   Number         0  stubs.o ABSOLUTE
    _printf_lli                              0x00000000   Number         0  stubs.o ABSOLUTE
    _printf_llo                              0x00000000   Number         0  stubs.o ABSOLUTE
    _printf_llu                              0x00000000   Number         0  stubs.o ABSOLUTE
    _printf_llx                              0x00000000   Number         0  stubs.o ABSOLUTE
    _printf_longlong_dec                     0x00000000   Number         0  stubs.o ABSOLUTE
    _printf_longlong_hex                     0x00000000   Number         0  stubs.o ABSOLUTE
    _printf_longlong_oct                     0x00000000   Number         0  stubs.o ABSOLUTE
    _printf_ls                               0x00000000   Number         0  stubs.o ABSOLUTE
    _printf_mbtowc                           0x00000000   Number         0  stubs.o ABSOLUTE
    _printf_n                                0x00000000   Number         0  stubs.o ABSOLUTE
    _printf_o                                0x00000000   Number         0  stubs.o ABSOLUTE
    _printf_p                                0x00000000   Number         0  stubs.o ABSOLUTE
    _printf_percent                          0x00000000   Number         0  stubs.o ABSOLUTE
    _printf_pre_padding                      0x00000000   Number         0  stubs.o ABSOLUTE
    _printf_return_value                     0x00000000   Number         0  stubs.o ABSOLUTE
    _printf_s                                0x00000000   Number         0  stubs.o ABSOLUTE
    _printf_sizespec                         0x00000000   Number         0  stubs.o ABSOLUTE
    _printf_str                              0x00000000   Number         0  stubs.o ABSOLUTE
    _printf_truncate_signed                  0x00000000   Number         0  stubs.o ABSOLUTE
    _printf_truncate_unsigned                0x00000000   Number         0  stubs.o ABSOLUTE
    _printf_u                                0x00000000   Number         0  stubs.o ABSOLUTE
    _printf_wc                               0x00000000   Number         0  stubs.o ABSOLUTE
    _printf_wctomb                           0x00000000   Number         0  stubs.o ABSOLUTE
    _printf_widthprec                        0x00000000   Number         0  stubs.o ABSOLUTE
    _printf_x                                0x00000000   Number         0  stubs.o ABSOLUTE
    __arm_fini_                               - Undefined Weak Reference
    __cpp_initialize__aeabi_                  - Undefined Weak Reference
    __cxa_finalize                            - Undefined Weak Reference
    __decompress                              - Undefined Weak Reference
    _clock_init                               - Undefined Weak Reference
    _microlib_exit                            - Undefined Weak Reference
    __Vectors_Size                           0x00000298   Number         0  startup_stm32h743xx.o ABSOLUTE
    __Vectors                                0x08000000   Data           4  startup_stm32h743xx.o(RESET)
    __Vectors_End                            0x08000298   Data           0  startup_stm32h743xx.o(RESET)
    __main                                   0x08000299   Thumb Code     0  entry.o(.ARM.Collect$$$$00000000)
    _main_stk                                0x08000299   Thumb Code     0  entry2.o(.ARM.Collect$$$$00000001)
    _main_scatterload                        0x0800029d   Thumb Code     0  entry5.o(.ARM.Collect$$$$00000004)
    __main_after_scatterload                 0x080002a1   Thumb Code     0  entry5.o(.ARM.Collect$$$$00000004)
    _main_clock                              0x080002a1   Thumb Code     0  entry7b.o(.ARM.Collect$$$$00000008)
    _main_cpp_init                           0x080002a1   Thumb Code     0  entry8b.o(.ARM.Collect$$$$0000000A)
    _main_init                               0x080002a1   Thumb Code     0  entry9a.o(.ARM.Collect$$$$0000000B)
    __rt_lib_shutdown_fini                   0x080002a9   Thumb Code     0  entry12b.o(.ARM.Collect$$$$0000000E)
    __rt_final_cpp                           0x080002ad   Thumb Code     0  entry10a.o(.ARM.Collect$$$$0000000F)
    __rt_final_exit                          0x080002ad   Thumb Code     0  entry11a.o(.ARM.Collect$$$$00000011)
    SVC_Handler                              0x080002b1   Thumb Code    28  port.o(.emb_text)
    __asm___6_port_c_39a90d8d__prvStartFirstTask 0x080002d1   Thumb Code    36  port.o(.emb_text)
    __asm___6_port_c_39a90d8d__prvEnableVFP  0x080002f9   Thumb Code    16  port.o(.emb_text)
    PendSV_Handler                           0x0800030d   Thumb Code    92  port.o(.emb_text)
    vPortGetIPSR                             0x0800036d   Thumb Code     6  port.o(.emb_text)
    Reset_Handler                            0x08000375   Thumb Code     8  startup_stm32h743xx.o(.text)
    ADC3_IRQHandler                          0x0800038f   Thumb Code     0  startup_stm32h743xx.o(.text)
    ADC_IRQHandler                           0x0800038f   Thumb Code     0  startup_stm32h743xx.o(.text)
    BDMA_Channel0_IRQHandler                 0x0800038f   Thumb Code     0  startup_stm32h743xx.o(.text)
    BDMA_Channel1_IRQHandler                 0x0800038f   Thumb Code     0  startup_stm32h743xx.o(.text)
    BDMA_Channel2_IRQHandler                 0x0800038f   Thumb Code     0  startup_stm32h743xx.o(.text)
    BDMA_Channel3_IRQHandler                 0x0800038f   Thumb Code     0  startup_stm32h743xx.o(.text)
    BDMA_Channel4_IRQHandler                 0x0800038f   Thumb Code     0  startup_stm32h743xx.o(.text)
    BDMA_Channel5_IRQHandler                 0x0800038f   Thumb Code     0  startup_stm32h743xx.o(.text)
    BDMA_Channel6_IRQHandler                 0x0800038f   Thumb Code     0  startup_stm32h743xx.o(.text)
    BDMA_Channel7_IRQHandler                 0x0800038f   Thumb Code     0  startup_stm32h743xx.o(.text)
    CEC_IRQHandler                           0x0800038f   Thumb Code     0  startup_stm32h743xx.o(.text)
    COMP1_IRQHandler                         0x0800038f   Thumb Code     0  startup_stm32h743xx.o(.text)
    CRS_IRQHandler                           0x0800038f   Thumb Code     0  startup_stm32h743xx.o(.text)
    DCMI_IRQHandler                          0x0800038f   Thumb Code     0  startup_stm32h743xx.o(.text)
    DFSDM1_FLT0_IRQHandler                   0x0800038f   Thumb Code     0  startup_stm32h743xx.o(.text)
    DFSDM1_FLT1_IRQHandler                   0x0800038f   Thumb Code     0  startup_stm32h743xx.o(.text)
    DFSDM1_FLT2_IRQHandler                   0x0800038f   Thumb Code     0  startup_stm32h743xx.o(.text)
    DFSDM1_FLT3_IRQHandler                   0x0800038f   Thumb Code     0  startup_stm32h743xx.o(.text)
    DMA1_Stream0_IRQHandler                  0x0800038f   Thumb Code     0  startup_stm32h743xx.o(.text)
    DMA1_Stream1_IRQHandler                  0x0800038f   Thumb Code     0  startup_stm32h743xx.o(.text)
    DMA1_Stream2_IRQHandler                  0x0800038f   Thumb Code     0  startup_stm32h743xx.o(.text)
    DMA1_Stream3_IRQHandler                  0x0800038f   Thumb Code     0  startup_stm32h743xx.o(.text)
    DMA1_Stream4_IRQHandler                  0x0800038f   Thumb Code     0  startup_stm32h743xx.o(.text)
    DMA1_Stream5_IRQHandler                  0x0800038f   Thumb Code     0  startup_stm32h743xx.o(.text)
    DMA1_Stream6_IRQHandler                  0x0800038f   Thumb Code     0  startup_stm32h743xx.o(.text)
    DMA1_Stream7_IRQHandler                  0x0800038f   Thumb Code     0  startup_stm32h743xx.o(.text)
    DMA2D_IRQHandler                         0x0800038f   Thumb Code     0  startup_stm32h743xx.o(.text)
    DMA2_Stream0_IRQHandler                  0x0800038f   Thumb Code     0  startup_stm32h743xx.o(.text)
    DMA2_Stream1_IRQHandler                  0x0800038f   Thumb Code     0  startup_stm32h743xx.o(.text)
    DMA2_Stream2_IRQHandler                  0x0800038f   Thumb Code     0  startup_stm32h743xx.o(.text)
    DMA2_Stream3_IRQHandler                  0x0800038f   Thumb Code     0  startup_stm32h743xx.o(.text)
    DMA2_Stream4_IRQHandler                  0x0800038f   Thumb Code     0  startup_stm32h743xx.o(.text)
    DMA2_Stream5_IRQHandler                  0x0800038f   Thumb Code     0  startup_stm32h743xx.o(.text)
    DMA2_Stream6_IRQHandler                  0x0800038f   Thumb Code     0  startup_stm32h743xx.o(.text)
    DMA2_Stream7_IRQHandler                  0x0800038f   Thumb Code     0  startup_stm32h743xx.o(.text)
    DMAMUX1_OVR_IRQHandler                   0x0800038f   Thumb Code     0  startup_stm32h743xx.o(.text)
    DMAMUX2_OVR_IRQHandler                   0x0800038f   Thumb Code     0  startup_stm32h743xx.o(.text)
    ETH_IRQHandler                           0x0800038f   Thumb Code     0  startup_stm32h743xx.o(.text)
    ETH_WKUP_IRQHandler                      0x0800038f   Thumb Code     0  startup_stm32h743xx.o(.text)
    EXTI0_IRQHandler                         0x0800038f   Thumb Code     0  startup_stm32h743xx.o(.text)
    EXTI15_10_IRQHandler                     0x0800038f   Thumb Code     0  startup_stm32h743xx.o(.text)
    EXTI1_IRQHandler                         0x0800038f   Thumb Code     0  startup_stm32h743xx.o(.text)
    EXTI2_IRQHandler                         0x0800038f   Thumb Code     0  startup_stm32h743xx.o(.text)
    EXTI3_IRQHandler                         0x0800038f   Thumb Code     0  startup_stm32h743xx.o(.text)
    EXTI4_IRQHandler                         0x0800038f   Thumb Code     0  startup_stm32h743xx.o(.text)
    EXTI9_5_IRQHandler                       0x0800038f   Thumb Code     0  startup_stm32h743xx.o(.text)
    FDCAN1_IT0_IRQHandler                    0x0800038f   Thumb Code     0  startup_stm32h743xx.o(.text)
    FDCAN1_IT1_IRQHandler                    0x0800038f   Thumb Code     0  startup_stm32h743xx.o(.text)
    FDCAN2_IT0_IRQHandler                    0x0800038f   Thumb Code     0  startup_stm32h743xx.o(.text)
    FDCAN2_IT1_IRQHandler                    0x0800038f   Thumb Code     0  startup_stm32h743xx.o(.text)
    FDCAN_CAL_IRQHandler                     0x0800038f   Thumb Code     0  startup_stm32h743xx.o(.text)
    FLASH_IRQHandler                         0x0800038f   Thumb Code     0  startup_stm32h743xx.o(.text)
    FMC_IRQHandler                           0x0800038f   Thumb Code     0  startup_stm32h743xx.o(.text)
    FPU_IRQHandler                           0x0800038f   Thumb Code     0  startup_stm32h743xx.o(.text)
    HRTIM1_FLT_IRQHandler                    0x0800038f   Thumb Code     0  startup_stm32h743xx.o(.text)
    HRTIM1_Master_IRQHandler                 0x0800038f   Thumb Code     0  startup_stm32h743xx.o(.text)
    HRTIM1_TIMA_IRQHandler                   0x0800038f   Thumb Code     0  startup_stm32h743xx.o(.text)
    HRTIM1_TIMB_IRQHandler                   0x0800038f   Thumb Code     0  startup_stm32h743xx.o(.text)
    HRTIM1_TIMC_IRQHandler                   0x0800038f   Thumb Code     0  startup_stm32h743xx.o(.text)
    HRTIM1_TIMD_IRQHandler                   0x0800038f   Thumb Code     0  startup_stm32h743xx.o(.text)
    HRTIM1_TIME_IRQHandler                   0x0800038f   Thumb Code     0  startup_stm32h743xx.o(.text)
    HSEM1_IRQHandler                         0x0800038f   Thumb Code     0  startup_stm32h743xx.o(.text)
    I2C1_ER_IRQHandler                       0x0800038f   Thumb Code     0  startup_stm32h743xx.o(.text)
    I2C1_EV_IRQHandler                       0x0800038f   Thumb Code     0  startup_stm32h743xx.o(.text)
    I2C2_ER_IRQHandler                       0x0800038f   Thumb Code     0  startup_stm32h743xx.o(.text)
    I2C2_EV_IRQHandler                       0x0800038f   Thumb Code     0  startup_stm32h743xx.o(.text)
    I2C3_ER_IRQHandler                       0x0800038f   Thumb Code     0  startup_stm32h743xx.o(.text)
    I2C3_EV_IRQHandler                       0x0800038f   Thumb Code     0  startup_stm32h743xx.o(.text)
    I2C4_ER_IRQHandler                       0x0800038f   Thumb Code     0  startup_stm32h743xx.o(.text)
    I2C4_EV_IRQHandler                       0x0800038f   Thumb Code     0  startup_stm32h743xx.o(.text)
    JPEG_IRQHandler                          0x0800038f   Thumb Code     0  startup_stm32h743xx.o(.text)
    LPTIM1_IRQHandler                        0x0800038f   Thumb Code     0  startup_stm32h743xx.o(.text)
    LPTIM2_IRQHandler                        0x0800038f   Thumb Code     0  startup_stm32h743xx.o(.text)
    LPTIM3_IRQHandler                        0x0800038f   Thumb Code     0  startup_stm32h743xx.o(.text)
    LPTIM4_IRQHandler                        0x0800038f   Thumb Code     0  startup_stm32h743xx.o(.text)
    LPTIM5_IRQHandler                        0x0800038f   Thumb Code     0  startup_stm32h743xx.o(.text)
    LPUART1_IRQHandler                       0x0800038f   Thumb Code     0  startup_stm32h743xx.o(.text)
    LTDC_ER_IRQHandler                       0x0800038f   Thumb Code     0  startup_stm32h743xx.o(.text)
    LTDC_IRQHandler                          0x0800038f   Thumb Code     0  startup_stm32h743xx.o(.text)
    MDIOS_IRQHandler                         0x0800038f   Thumb Code     0  startup_stm32h743xx.o(.text)
    MDIOS_WKUP_IRQHandler                    0x0800038f   Thumb Code     0  startup_stm32h743xx.o(.text)
    MDMA_IRQHandler                          0x0800038f   Thumb Code     0  startup_stm32h743xx.o(.text)
    OTG_FS_EP1_IN_IRQHandler                 0x0800038f   Thumb Code     0  startup_stm32h743xx.o(.text)
    OTG_FS_EP1_OUT_IRQHandler                0x0800038f   Thumb Code     0  startup_stm32h743xx.o(.text)
    OTG_FS_IRQHandler                        0x0800038f   Thumb Code     0  startup_stm32h743xx.o(.text)
    OTG_FS_WKUP_IRQHandler                   0x0800038f   Thumb Code     0  startup_stm32h743xx.o(.text)
    OTG_HS_EP1_IN_IRQHandler                 0x0800038f   Thumb Code     0  startup_stm32h743xx.o(.text)
    OTG_HS_EP1_OUT_IRQHandler                0x0800038f   Thumb Code     0  startup_stm32h743xx.o(.text)
    OTG_HS_IRQHandler                        0x0800038f   Thumb Code     0  startup_stm32h743xx.o(.text)
    OTG_HS_WKUP_IRQHandler                   0x0800038f   Thumb Code     0  startup_stm32h743xx.o(.text)
    PVD_AVD_IRQHandler                       0x0800038f   Thumb Code     0  startup_stm32h743xx.o(.text)
    QUADSPI_IRQHandler                       0x0800038f   Thumb Code     0  startup_stm32h743xx.o(.text)
    RCC_IRQHandler                           0x0800038f   Thumb Code     0  startup_stm32h743xx.o(.text)
    RNG_IRQHandler                           0x0800038f   Thumb Code     0  startup_stm32h743xx.o(.text)
    RTC_Alarm_IRQHandler                     0x0800038f   Thumb Code     0  startup_stm32h743xx.o(.text)
    RTC_WKUP_IRQHandler                      0x0800038f   Thumb Code     0  startup_stm32h743xx.o(.text)
    SAI1_IRQHandler                          0x0800038f   Thumb Code     0  startup_stm32h743xx.o(.text)
    SAI2_IRQHandler                          0x0800038f   Thumb Code     0  startup_stm32h743xx.o(.text)
    SAI3_IRQHandler                          0x0800038f   Thumb Code     0  startup_stm32h743xx.o(.text)
    SAI4_IRQHandler                          0x0800038f   Thumb Code     0  startup_stm32h743xx.o(.text)
    SDMMC1_IRQHandler                        0x0800038f   Thumb Code     0  startup_stm32h743xx.o(.text)
    SDMMC2_IRQHandler                        0x0800038f   Thumb Code     0  startup_stm32h743xx.o(.text)
    SPDIF_RX_IRQHandler                      0x0800038f   Thumb Code     0  startup_stm32h743xx.o(.text)
    SPI1_IRQHandler                          0x0800038f   Thumb Code     0  startup_stm32h743xx.o(.text)
    SPI2_IRQHandler                          0x0800038f   Thumb Code     0  startup_stm32h743xx.o(.text)
    SPI3_IRQHandler                          0x0800038f   Thumb Code     0  startup_stm32h743xx.o(.text)
    SPI4_IRQHandler                          0x0800038f   Thumb Code     0  startup_stm32h743xx.o(.text)
    SPI5_IRQHandler                          0x0800038f   Thumb Code     0  startup_stm32h743xx.o(.text)
    SPI6_IRQHandler                          0x0800038f   Thumb Code     0  startup_stm32h743xx.o(.text)
    SWPMI1_IRQHandler                        0x0800038f   Thumb Code     0  startup_stm32h743xx.o(.text)
    TAMP_STAMP_IRQHandler                    0x0800038f   Thumb Code     0  startup_stm32h743xx.o(.text)
    TIM15_IRQHandler                         0x0800038f   Thumb Code     0  startup_stm32h743xx.o(.text)
    TIM16_IRQHandler                         0x0800038f   Thumb Code     0  startup_stm32h743xx.o(.text)
    TIM17_IRQHandler                         0x0800038f   Thumb Code     0  startup_stm32h743xx.o(.text)
    TIM1_BRK_IRQHandler                      0x0800038f   Thumb Code     0  startup_stm32h743xx.o(.text)
    TIM1_CC_IRQHandler                       0x0800038f   Thumb Code     0  startup_stm32h743xx.o(.text)
    TIM1_TRG_COM_IRQHandler                  0x0800038f   Thumb Code     0  startup_stm32h743xx.o(.text)
    TIM1_UP_IRQHandler                       0x0800038f   Thumb Code     0  startup_stm32h743xx.o(.text)
    TIM3_IRQHandler                          0x0800038f   Thumb Code     0  startup_stm32h743xx.o(.text)
    TIM4_IRQHandler                          0x0800038f   Thumb Code     0  startup_stm32h743xx.o(.text)
    TIM5_IRQHandler                          0x0800038f   Thumb Code     0  startup_stm32h743xx.o(.text)
    TIM6_DAC_IRQHandler                      0x0800038f   Thumb Code     0  startup_stm32h743xx.o(.text)
    TIM7_IRQHandler                          0x0800038f   Thumb Code     0  startup_stm32h743xx.o(.text)
    TIM8_BRK_TIM12_IRQHandler                0x0800038f   Thumb Code     0  startup_stm32h743xx.o(.text)
    TIM8_CC_IRQHandler                       0x0800038f   Thumb Code     0  startup_stm32h743xx.o(.text)
    TIM8_TRG_COM_TIM14_IRQHandler            0x0800038f   Thumb Code     0  startup_stm32h743xx.o(.text)
    TIM8_UP_TIM13_IRQHandler                 0x0800038f   Thumb Code     0  startup_stm32h743xx.o(.text)
    UART4_IRQHandler                         0x0800038f   Thumb Code     0  startup_stm32h743xx.o(.text)
    UART5_IRQHandler                         0x0800038f   Thumb Code     0  startup_stm32h743xx.o(.text)
    UART7_IRQHandler                         0x0800038f   Thumb Code     0  startup_stm32h743xx.o(.text)
    UART8_IRQHandler                         0x0800038f   Thumb Code     0  startup_stm32h743xx.o(.text)
    USART2_IRQHandler                        0x0800038f   Thumb Code     0  startup_stm32h743xx.o(.text)
    USART6_IRQHandler                        0x0800038f   Thumb Code     0  startup_stm32h743xx.o(.text)
    WAKEUP_PIN_IRQHandler                    0x0800038f   Thumb Code     0  startup_stm32h743xx.o(.text)
    WWDG_IRQHandler                          0x0800038f   Thumb Code     0  startup_stm32h743xx.o(.text)
    __aeabi_uldivmod                         0x08000399   Thumb Code    98  uldiv.o(.text)
    __aeabi_memcpy                           0x080003fb   Thumb Code    36  memcpya.o(.text)
    __aeabi_memcpy4                          0x080003fb   Thumb Code     0  memcpya.o(.text)
    __aeabi_memcpy8                          0x080003fb   Thumb Code     0  memcpya.o(.text)
    __aeabi_memset                           0x0800041f   Thumb Code    14  memseta.o(.text)
    __aeabi_memset4                          0x0800041f   Thumb Code     0  memseta.o(.text)
    __aeabi_memset8                          0x0800041f   Thumb Code     0  memseta.o(.text)
    __aeabi_memclr                           0x0800042d   Thumb Code     4  memseta.o(.text)
    __aeabi_memclr4                          0x0800042d   Thumb Code     0  memseta.o(.text)
    __aeabi_memclr8                          0x0800042d   Thumb Code     0  memseta.o(.text)
    memset                                   0x08000431   Thumb Code    18  memseta.o(.text)
    __aeabi_uidiv                            0x08000443   Thumb Code     0  uidiv.o(.text)
    __aeabi_uidivmod                         0x08000443   Thumb Code    44  uidiv.o(.text)
    __aeabi_llsl                             0x0800046f   Thumb Code    30  llshl.o(.text)
    _ll_shift_l                              0x0800046f   Thumb Code     0  llshl.o(.text)
    __aeabi_llsr                             0x0800048d   Thumb Code    32  llushr.o(.text)
    _ll_ushift_r                             0x0800048d   Thumb Code     0  llushr.o(.text)
    __scatterload                            0x080004ad   Thumb Code    28  init.o(.text)
    __scatterload_rt2                        0x080004ad   Thumb Code     0  init.o(.text)
    HardFault_Handler                        0x080004d1   Thumb Code     0  hardfaulthandler.o(OSKERNEL)
    AppTaskCreate                            0x080004e5   Thumb Code    26  task.o(i.AppTaskCreate)
    BusFault_Handler                         0x08000515   Thumb Code     4  stm32h7xx_it.o(i.BusFault_Handler)
    DebugMon_Handler                         0x08000525   Thumb Code     2  stm32h7xx_it.o(i.DebugMon_Handler)
    Error_Handler                            0x08000527   Thumb Code     8  bsp.o(i.Error_Handler)
    FMC_NORSRAM_Extended_Timing_Init         0x08000531   Thumb Code    66  stm32h7xx_ll_fmc.o(i.FMC_NORSRAM_Extended_Timing_Init)
    FMC_NORSRAM_Init                         0x08000579   Thumb Code   124  stm32h7xx_ll_fmc.o(i.FMC_NORSRAM_Init)
    FMC_NORSRAM_Timing_Init                  0x080005f9   Thumb Code    94  stm32h7xx_ll_fmc.o(i.FMC_NORSRAM_Timing_Init)
    HAL_Delay                                0x08000659   Thumb Code    36  stm32h7xx_hal.o(i.HAL_Delay)
    HAL_EnableCompensationCell               0x08000681   Thumb Code    14  stm32h7xx_hal.o(i.HAL_EnableCompensationCell)
    HAL_GPIO_Init                            0x08000695   Thumb Code   534  stm32h7xx_hal_gpio.o(i.HAL_GPIO_Init)
    HAL_GetTick                              0x080008e1   Thumb Code     6  stm32h7xx_hal.o(i.HAL_GetTick)
    HAL_Init                                 0x080008ed   Thumb Code    28  stm32h7xx_hal.o(i.HAL_Init)
    HAL_InitTick                             0x08000909   Thumb Code    64  stm32h7xx_hal.o(i.HAL_InitTick)
    HAL_MPU_ConfigRegion                     0x08000955   Thumb Code    88  stm32h7xx_hal_cortex.o(i.HAL_MPU_ConfigRegion)
    HAL_MPU_Disable                          0x080009b1   Thumb Code    38  stm32h7xx_hal_cortex.o(i.HAL_MPU_Disable)
    HAL_MPU_Enable                           0x080009dd   Thumb Code    58  stm32h7xx_hal_cortex.o(i.HAL_MPU_Enable)
    HAL_MspInit                              0x08000a1d   Thumb Code     2  stm32h7xx_hal.o(i.HAL_MspInit)
    HAL_NVIC_EnableIRQ                       0x08000a1f   Thumb Code    32  stm32h7xx_hal_cortex.o(i.HAL_NVIC_EnableIRQ)
    HAL_NVIC_SetPriority                     0x08000a3f   Thumb Code   122  stm32h7xx_hal_cortex.o(i.HAL_NVIC_SetPriority)
    HAL_NVIC_SetPriorityGrouping             0x08000ab9   Thumb Code    32  stm32h7xx_hal_cortex.o(i.HAL_NVIC_SetPriorityGrouping)
    HAL_RCCEx_GetD1SysClockFreq              0x08000ae1   Thumb Code    44  stm32h7xx_hal_rcc_ex.o(i.HAL_RCCEx_GetD1SysClockFreq)
    HAL_RCCEx_GetD3PCLK1Freq                 0x08000b19   Thumb Code    34  stm32h7xx_hal_rcc_ex.o(i.HAL_RCCEx_GetD3PCLK1Freq)
    HAL_RCCEx_GetPLL2ClockFreq               0x08000b45   Thumb Code   532  stm32h7xx_hal_rcc_ex.o(i.HAL_RCCEx_GetPLL2ClockFreq)
    HAL_RCCEx_GetPLL3ClockFreq               0x08000d71   Thumb Code   532  stm32h7xx_hal_rcc_ex.o(i.HAL_RCCEx_GetPLL3ClockFreq)
    HAL_RCCEx_PeriphCLKConfig                0x08000f9d   Thumb Code  2868  stm32h7xx_hal_rcc_ex.o(i.HAL_RCCEx_PeriphCLKConfig)
    HAL_RCC_ClockConfig                      0x08001ad5   Thumb Code   574  stm32h7xx_hal_rcc.o(i.HAL_RCC_ClockConfig)
    HAL_RCC_GetHCLKFreq                      0x08001d25   Thumb Code    42  stm32h7xx_hal_rcc.o(i.HAL_RCC_GetHCLKFreq)
    HAL_RCC_GetPCLK1Freq                     0x08001d5d   Thumb Code    34  stm32h7xx_hal_rcc.o(i.HAL_RCC_GetPCLK1Freq)
    HAL_RCC_GetPCLK2Freq                     0x08001d89   Thumb Code    36  stm32h7xx_hal_rcc.o(i.HAL_RCC_GetPCLK2Freq)
    HAL_RCC_GetSysClockFreq                  0x08001db5   Thumb Code   556  stm32h7xx_hal_rcc.o(i.HAL_RCC_GetSysClockFreq)
    HAL_RCC_OscConfig                        0x08001ff9   Thumb Code  1724  stm32h7xx_hal_rcc.o(i.HAL_RCC_OscConfig)
    HAL_SD_ConfigWideBusOperation            0x080026bd   Thumb Code   200  stm32h7xx_hal_sd.o(i.HAL_SD_ConfigWideBusOperation)
    HAL_SD_GetCardCSD                        0x08002789   Thumb Code   450  stm32h7xx_hal_sd.o(i.HAL_SD_GetCardCSD)
    HAL_SD_GetCardState                      0x08002951   Thumb Code    36  stm32h7xx_hal_sd.o(i.HAL_SD_GetCardState)
    HAL_SD_GetCardStatus                     0x08002975   Thumb Code   182  stm32h7xx_hal_sd.o(i.HAL_SD_GetCardStatus)
    HAL_SD_Init                              0x08002a31   Thumb Code   212  stm32h7xx_hal_sd.o(i.HAL_SD_Init)
    HAL_SD_InitCard                          0x08002b05   Thumb Code   118  stm32h7xx_hal_sd.o(i.HAL_SD_InitCard)
    HAL_SD_MspInit                           0x08002b7d   Thumb Code   188  bsp_sd_card.o(i.HAL_SD_MspInit)
    HAL_SRAM_Init                            0x08002c45   Thumb Code   100  stm32h7xx_hal_sram.o(i.HAL_SRAM_Init)
    HAL_SRAM_MspInit                         0x08002cad   Thumb Code     2  stm32h7xx_hal_sram.o(i.HAL_SRAM_MspInit)
    HAL_SYSTICK_Config                       0x08002caf   Thumb Code    52  stm32h7xx_hal_cortex.o(i.HAL_SYSTICK_Config)
    HAL_UART_Init                            0x08002ce3   Thumb Code   120  stm32h7xx_hal_uart.o(i.HAL_UART_Init)
    HAL_UART_MspInit                         0x08002d5b   Thumb Code     2  stm32h7xx_hal_uart.o(i.HAL_UART_MspInit)
    HC574_GetPin                             0x08002f15   Thumb Code    18  bsp_fmc_io.o(i.HC574_GetPin)
    HC574_SetPin                             0x08002f2d   Thumb Code    34  bsp_fmc_io.o(i.HC574_SetPin)
    HardFaultHandler                         0x08002f59   Thumb Code   202  segger_hardfaulthandler.o(i.HardFaultHandler)
    MemManage_Handler                        0x080032b3   Thumb Code     4  stm32h7xx_it.o(i.MemManage_Handler)
    NMI_Handler                              0x080032b7   Thumb Code     2  stm32h7xx_it.o(i.NMI_Handler)
    RS485_InitTXE                            0x08003519   Thumb Code    60  bsp_uart_fifo.o(i.RS485_InitTXE)
    RS485_ReciveNew                          0x0800355d   Thumb Code     2  bsp_uart_fifo.o(i.RS485_ReciveNew)
    RS485_SendBefor                          0x08003561   Thumb Code     8  bsp_uart_fifo.o(i.RS485_SendBefor)
    RS485_SendOver                           0x0800356d   Thumb Code     8  bsp_uart_fifo.o(i.RS485_SendOver)
    SDMMC_CmdAppCommand                      0x08003691   Thumb Code    58  stm32h7xx_ll_sdmmc.o(i.SDMMC_CmdAppCommand)
    SDMMC_CmdAppOperCommand                  0x080036cb   Thumb Code    52  stm32h7xx_ll_sdmmc.o(i.SDMMC_CmdAppOperCommand)
    SDMMC_CmdBlockLength                     0x080036ff   Thumb Code    56  stm32h7xx_ll_sdmmc.o(i.SDMMC_CmdBlockLength)
    SDMMC_CmdBusWidth                        0x08003737   Thumb Code    58  stm32h7xx_ll_sdmmc.o(i.SDMMC_CmdBusWidth)
    SDMMC_CmdGoIdleState                     0x08003771   Thumb Code    44  stm32h7xx_ll_sdmmc.o(i.SDMMC_CmdGoIdleState)
    SDMMC_CmdOperCond                        0x0800379d   Thumb Code    52  stm32h7xx_ll_sdmmc.o(i.SDMMC_CmdOperCond)
    SDMMC_CmdSelDesel                        0x080037d1   Thumb Code    60  stm32h7xx_ll_sdmmc.o(i.SDMMC_CmdSelDesel)
    SDMMC_CmdSendCID                         0x0800380d   Thumb Code    52  stm32h7xx_ll_sdmmc.o(i.SDMMC_CmdSendCID)
    SDMMC_CmdSendCSD                         0x08003841   Thumb Code    52  stm32h7xx_ll_sdmmc.o(i.SDMMC_CmdSendCSD)
    SDMMC_CmdSendSCR                         0x08003875   Thumb Code    58  stm32h7xx_ll_sdmmc.o(i.SDMMC_CmdSendSCR)
    SDMMC_CmdSendStatus                      0x080038af   Thumb Code    58  stm32h7xx_ll_sdmmc.o(i.SDMMC_CmdSendStatus)
    SDMMC_CmdSetRelAdd                       0x080038e9   Thumb Code    58  stm32h7xx_ll_sdmmc.o(i.SDMMC_CmdSetRelAdd)
    SDMMC_CmdStatusRegister                  0x08003923   Thumb Code    58  stm32h7xx_ll_sdmmc.o(i.SDMMC_CmdStatusRegister)
    SDMMC_CmdSwitch                          0x0800395d   Thumb Code    58  stm32h7xx_ll_sdmmc.o(i.SDMMC_CmdSwitch)
    SDMMC_ConfigData                         0x08003997   Thumb Code    44  stm32h7xx_ll_sdmmc.o(i.SDMMC_ConfigData)
    SDMMC_GetCommandResponse                 0x08003d79   Thumb Code     8  stm32h7xx_ll_sdmmc.o(i.SDMMC_GetCommandResponse)
    SDMMC_GetPowerState                      0x08003d81   Thumb Code    10  stm32h7xx_ll_sdmmc.o(i.SDMMC_GetPowerState)
    SDMMC_GetResponse                        0x08003d8b   Thumb Code    12  stm32h7xx_ll_sdmmc.o(i.SDMMC_GetResponse)
    SDMMC_Init                               0x08003d99   Thumb Code    46  stm32h7xx_ll_sdmmc.o(i.SDMMC_Init)
    SDMMC_PowerState_ON                      0x08003dcd   Thumb Code    22  stm32h7xx_ll_sdmmc.o(i.SDMMC_PowerState_ON)
    SDMMC_ReadFIFO                           0x08003de3   Thumb Code     8  stm32h7xx_ll_sdmmc.o(i.SDMMC_ReadFIFO)
    SDMMC_SendCommand                        0x08003ded   Thumb Code    40  stm32h7xx_ll_sdmmc.o(i.SDMMC_SendCommand)
    SysTick_Handler                          0x08004465   Thumb Code    50  port.o(i.SysTick_Handler)
    SystemInit                               0x080045ad   Thumb Code   130  system_stm32h7xx.o(i.SystemInit)
    TIM2_IRQHandler                          0x08004641   Thumb Code   164  bsp_timer.o(i.TIM2_IRQHandler)
    UART_AdvFeatureConfig                    0x080046f5   Thumb Code   234  stm32h7xx_hal_uart.o(i.UART_AdvFeatureConfig)
    UART_CheckIdleState                      0x080047df   Thumb Code   116  stm32h7xx_hal_uart.o(i.UART_CheckIdleState)
    UART_SetConfig                           0x08004855   Thumb Code  2452  stm32h7xx_hal_uart.o(i.UART_SetConfig)
    UART_WaitOnFlagUntilTimeout              0x080051f9   Thumb Code   108  stm32h7xx_hal_uart.o(i.UART_WaitOnFlagUntilTimeout)
    USART1_IRQHandler                        0x08005265   Thumb Code    10  bsp_uart_fifo.o(i.USART1_IRQHandler)
    USART3_IRQHandler                        0x08005275   Thumb Code    10  bsp_uart_fifo.o(i.USART3_IRQHandler)
    UsageFault_Handler                       0x08005495   Thumb Code     4  stm32h7xx_it.o(i.UsageFault_Handler)
    __0printf$3                              0x08005499   Thumb Code    22  printf3.o(i.__0printf$3)
    __1printf$3                              0x08005499   Thumb Code     0  printf3.o(i.__0printf$3)
    __2printf                                0x08005499   Thumb Code     0  printf3.o(i.__0printf$3)
    __scatterload_copy                       0x080054f1   Thumb Code    14  handlers.o(i.__scatterload_copy)
    __scatterload_null                       0x080054ff   Thumb Code     2  handlers.o(i.__scatterload_null)
    __scatterload_zeroinit                   0x08005501   Thumb Code    14  handlers.o(i.__scatterload_zeroinit)
    bsp_Init                                 0x080056c9   Thumb Code    40  bsp.o(i.bsp_Init)
    bsp_InitExtIO                            0x080056f1   Thumb Code    28  bsp_fmc_io.o(i.bsp_InitExtIO)
    bsp_InitKey                              0x08005715   Thumb Code    12  bsp_key.o(i.bsp_InitKey)
    bsp_InitLed                              0x08005859   Thumb Code    28  bsp_led.o(i.bsp_InitLed)
    bsp_InitUart                             0x08005875   Thumb Code    16  bsp_uart_fifo.o(i.bsp_InitUart)
    bsp_LedOff                               0x08005885   Thumb Code    60  bsp_led.o(i.bsp_LedOff)
    bsp_LedToggle                            0x080058c1   Thumb Code    70  bsp_led.o(i.bsp_LedToggle)
    bsp_SetKeyParam                          0x08005909   Thumb Code    30  bsp_key.o(i.bsp_SetKeyParam)
    bsp_SetUartParam                         0x0800592d   Thumb Code    66  bsp_uart_fifo.o(i.bsp_SetUartParam)
    bsp_sd_init                              0x08005995   Thumb Code    56  bsp_sd_card.o(i.bsp_sd_init)
    fputc                                    0x08005a21   Thumb Code    20  bsp_uart_fifo.o(i.fputc)
    main                                     0x08005a39   Thumb Code    18  main.o(i.main)
    pvPortMalloc                             0x0800645d   Thumb Code   318  heap_4.o(i.pvPortMalloc)
    pxPortInitialiseStack                    0x080065b5   Thumb Code    38  port.o(i.pxPortInitialiseStack)
    uxListRemove                             0x080065e1   Thumb Code    40  list.o(i.uxListRemove)
    vListInitialise                          0x08006609   Thumb Code    26  list.o(i.vListInitialise)
    vListInitialiseItem                      0x08006623   Thumb Code     6  list.o(i.vListInitialiseItem)
    vListInsert                              0x08006629   Thumb Code    52  list.o(i.vListInsert)
    vListInsertEnd                           0x0800665d   Thumb Code    24  list.o(i.vListInsertEnd)
    vPortEnterCritical                       0x08006675   Thumb Code    84  port.o(i.vPortEnterCritical)
    vPortExitCritical                        0x080066d1   Thumb Code    60  port.o(i.vPortExitCritical)
    vPortFree                                0x08006711   Thumb Code   158  heap_4.o(i.vPortFree)
    vPortSetupTimerInterrupt                 0x080067bd   Thumb Code    36  port.o(i.vPortSetupTimerInterrupt)
    vPortValidateInterruptPriority           0x080067e5   Thumb Code   114  port.o(i.vPortValidateInterruptPriority)
    vQueueAddToRegistry                      0x08006865   Thumb Code    38  queue.o(i.vQueueAddToRegistry)
    vQueueWaitForMessageRestricted           0x08006891   Thumb Code    74  queue.o(i.vQueueWaitForMessageRestricted)
    vTaskDelay                               0x080068dd   Thumb Code    86  tasks.o(i.vTaskDelay)
    vTaskInternalSetTimeOutState             0x0800693d   Thumb Code    14  tasks.o(i.vTaskInternalSetTimeOutState)
    vTaskMissedYield                         0x08006965   Thumb Code     8  tasks.o(i.vTaskMissedYield)
    vTaskPlaceOnEventList                    0x08006971   Thumb Code    56  tasks.o(i.vTaskPlaceOnEventList)
    vTaskPlaceOnEventListRestricted          0x080069ad   Thumb Code    64  tasks.o(i.vTaskPlaceOnEventListRestricted)
    vTaskStartScheduler                      0x080069f1   Thumb Code   128  tasks.o(i.vTaskStartScheduler)
    vTaskSuspendAll                          0x08006a8d   Thumb Code    12  tasks.o(i.vTaskSuspendAll)
    vTaskSwitchContext                       0x08006a9d   Thumb Code   122  tasks.o(i.vTaskSwitchContext)
    xPortStartScheduler                      0x08006b2d   Thumb Code   252  port.o(i.xPortStartScheduler)
    xQueueGenericCreate                      0x08006c41   Thumb Code   132  queue.o(i.xQueueGenericCreate)
    xQueueGenericReset                       0x08006cc5   Thumb Code   150  queue.o(i.xQueueGenericReset)
    xQueueGenericSend                        0x08006d61   Thumb Code   436  queue.o(i.xQueueGenericSend)
    xQueueGenericSendFromISR                 0x08006f19   Thumb Code   308  queue.o(i.xQueueGenericSendFromISR)
    xQueueReceive                            0x0800704d   Thumb Code   368  queue.o(i.xQueueReceive)
    xTaskCheckForTimeOut                     0x080071c1   Thumb Code   144  tasks.o(i.xTaskCheckForTimeOut)
    xTaskCreate                              0x08007259   Thumb Code    96  tasks.o(i.xTaskCreate)
    xTaskGetSchedulerState                   0x080072b9   Thumb Code    24  tasks.o(i.xTaskGetSchedulerState)
    xTaskGetTickCount                        0x080072d9   Thumb Code     6  tasks.o(i.xTaskGetTickCount)
    xTaskIncrementTick                       0x080072e5   Thumb Code   286  tasks.o(i.xTaskIncrementTick)
    xTaskPriorityDisinherit                  0x08007431   Thumb Code   182  tasks.o(i.xTaskPriorityDisinherit)
    xTaskRemoveFromEventList                 0x080074f5   Thumb Code   132  tasks.o(i.xTaskRemoveFromEventList)
    xTaskResumeAll                           0x08007591   Thumb Code   228  tasks.o(i.xTaskResumeAll)
    xTimerCreateTimerTask                    0x08007699   Thumb Code    68  timers.o(i.xTimerCreateTimerTask)
    xTimerGenericCommand                     0x080076f1   Thumb Code   132  timers.o(i.xTimerGenericCommand)
    D1CorePrescTable                         0x080077a8   Data          16  system_stm32h7xx.o(.constdata)
    Region$$Table$$Base                      0x08007858   Number         0  anon$$obj.o(Region$$Table)
    Region$$Table$$Limit                     0x08007878   Number         0  anon$$obj.o(Region$$Table)
    SystemCoreClock                          0x20000000   Data           4  system_stm32h7xx.o(.data)
    SystemD2Clock                            0x20000004   Data           4  system_stm32h7xx.o(.data)
    g_iRunTime                               0x2000002c   Data           4  bsp_timer.o(.data)
    g_HC574                                  0x20000034   Data           4  bsp_fmc_io.o(.data)
    xHandleTaskPrintf                        0x20000038   Data           4  task.o(.data)
    xHandleTaskLED                           0x2000003c   Data           4  task.o(.data)
    xHandleTaskStack                         0x20000040   Data           4  task.o(.data)
    pxCurrentTCB                             0x20000044   Data           4  tasks.o(.data)
    __stdout                                 0x200000c4   Data           4  stdout.o(.data)
    hsd1                                     0x200011d0   Data         124  bsp_sd_card.o(.bss)
    xQueueRegistry                           0x2000124c   Data          64  queue.o(.bss)
    __initial_sp                             0x200061d8   Data           0  startup_stm32h743xx.o(STACK)



==============================================================================

Memory Map of the image

  Image Entry point : 0x08000299

  Load Region LR_IROM1 (Base: 0x08000000, Size: 0x00007940, Max: 0x00200000, ABSOLUTE)

    Execution Region ER_IROM1 (Exec base: 0x08000000, Load base: 0x08000000, Size: 0x00007878, Max: 0x00200000, ABSOLUTE)

    Exec Addr    Load Addr    Size         Type   Attr      Idx    E Section Name        Object

    0x08000000   0x08000000   0x00000298   Data   RO            3    RESET               startup_stm32h743xx.o
    0x08000298   0x08000298   0x00000000   Code   RO         5812  * .ARM.Collect$$$$00000000  mc_w.l(entry.o)
    0x08000298   0x08000298   0x00000004   Code   RO         6088    .ARM.Collect$$$$00000001  mc_w.l(entry2.o)
    0x0800029c   0x0800029c   0x00000004   Code   RO         6091    .ARM.Collect$$$$00000004  mc_w.l(entry5.o)
    0x080002a0   0x080002a0   0x00000000   Code   RO         6093    .ARM.Collect$$$$00000008  mc_w.l(entry7b.o)
    0x080002a0   0x080002a0   0x00000000   Code   RO         6095    .ARM.Collect$$$$0000000A  mc_w.l(entry8b.o)
    0x080002a0   0x080002a0   0x00000008   Code   RO         6096    .ARM.Collect$$$$0000000B  mc_w.l(entry9a.o)
    0x080002a8   0x080002a8   0x00000004   Code   RO         6103    .ARM.Collect$$$$0000000E  mc_w.l(entry12b.o)
    0x080002ac   0x080002ac   0x00000000   Code   RO         6098    .ARM.Collect$$$$0000000F  mc_w.l(entry10a.o)
    0x080002ac   0x080002ac   0x00000000   Code   RO         6100    .ARM.Collect$$$$00000011  mc_w.l(entry11a.o)
    0x080002ac   0x080002ac   0x00000004   Code   RO         6089    .ARM.Collect$$$$00002712  mc_w.l(entry2.o)
    0x080002b0   0x080002b0   0x000000c2   Code   RO         5649    .emb_text           port.o
    0x08000372   0x08000372   0x00000002   PAD
    0x08000374   0x08000374   0x00000024   Code   RO            4    .text               startup_stm32h743xx.o
    0x08000398   0x08000398   0x00000062   Code   RO         5815    .text               mc_w.l(uldiv.o)
    0x080003fa   0x080003fa   0x00000024   Code   RO         5817    .text               mc_w.l(memcpya.o)
    0x0800041e   0x0800041e   0x00000024   Code   RO         5821    .text               mc_w.l(memseta.o)
    0x08000442   0x08000442   0x0000002c   Code   RO         6105    .text               mc_w.l(uidiv.o)
    0x0800046e   0x0800046e   0x0000001e   Code   RO         6107    .text               mc_w.l(llshl.o)
    0x0800048c   0x0800048c   0x00000020   Code   RO         6109    .text               mc_w.l(llushr.o)
    0x080004ac   0x080004ac   0x00000024   Code   RO         6122    .text               mc_w.l(init.o)
    0x080004d0   0x080004d0   0x00000012   Code   RO         5781    OSKERNEL            hardfaulthandler.o
    0x080004e2   0x080004e2   0x00000002   PAD
    0x080004e4   0x080004e4   0x00000030   Code   RO         4507    i.AppTaskCreate     task.o
    0x08000514   0x08000514   0x00000004   Code   RO         4359    i.BusFault_Handler  stm32h7xx_it.o
    0x08000518   0x08000518   0x0000000c   Code   RO         3759    i.CPU_CACHE_Enable  bsp.o
    0x08000524   0x08000524   0x00000002   Code   RO         4360    i.DebugMon_Handler  stm32h7xx_it.o
    0x08000526   0x08000526   0x00000008   Code   RO         3760    i.Error_Handler     bsp.o
    0x0800052e   0x0800052e   0x00000002   PAD
    0x08000530   0x08000530   0x00000048   Code   RO         1135    i.FMC_NORSRAM_Extended_Timing_Init  stm32h7xx_ll_fmc.o
    0x08000578   0x08000578   0x00000080   Code   RO         1136    i.FMC_NORSRAM_Init  stm32h7xx_ll_fmc.o
    0x080005f8   0x080005f8   0x0000005e   Code   RO         1137    i.FMC_NORSRAM_Timing_Init  stm32h7xx_ll_fmc.o
    0x08000656   0x08000656   0x00000002   PAD
    0x08000658   0x08000658   0x00000028   Code   RO          333    i.HAL_Delay         stm32h7xx_hal.o
    0x08000680   0x08000680   0x00000014   Code   RO          342    i.HAL_EnableCompensationCell  stm32h7xx_hal.o
    0x08000694   0x08000694   0x0000024c   Code   RO          894    i.HAL_GPIO_Init     stm32h7xx_hal_gpio.o
    0x080008e0   0x080008e0   0x0000000c   Code   RO          349    i.HAL_GetTick       stm32h7xx_hal.o
    0x080008ec   0x080008ec   0x0000001c   Code   RO          353    i.HAL_Init          stm32h7xx_hal.o
    0x08000908   0x08000908   0x0000004c   Code   RO          354    i.HAL_InitTick      stm32h7xx_hal.o
    0x08000954   0x08000954   0x0000005c   Code   RO          646    i.HAL_MPU_ConfigRegion  stm32h7xx_hal_cortex.o
    0x080009b0   0x080009b0   0x0000002c   Code   RO          647    i.HAL_MPU_Disable   stm32h7xx_hal_cortex.o
    0x080009dc   0x080009dc   0x00000040   Code   RO          648    i.HAL_MPU_Enable    stm32h7xx_hal_cortex.o
    0x08000a1c   0x08000a1c   0x00000002   Code   RO          356    i.HAL_MspInit       stm32h7xx_hal.o
    0x08000a1e   0x08000a1e   0x00000020   Code   RO          651    i.HAL_NVIC_EnableIRQ  stm32h7xx_hal_cortex.o
    0x08000a3e   0x08000a3e   0x0000007a   Code   RO          657    i.HAL_NVIC_SetPriority  stm32h7xx_hal_cortex.o
    0x08000ab8   0x08000ab8   0x00000028   Code   RO          658    i.HAL_NVIC_SetPriorityGrouping  stm32h7xx_hal_cortex.o
    0x08000ae0   0x08000ae0   0x00000038   Code   RO          971    i.HAL_RCCEx_GetD1SysClockFreq  stm32h7xx_hal_rcc_ex.o
    0x08000b18   0x08000b18   0x0000002c   Code   RO          972    i.HAL_RCCEx_GetD3PCLK1Freq  stm32h7xx_hal_rcc_ex.o
    0x08000b44   0x08000b44   0x0000022c   Code   RO          974    i.HAL_RCCEx_GetPLL2ClockFreq  stm32h7xx_hal_rcc_ex.o
    0x08000d70   0x08000d70   0x0000022c   Code   RO          975    i.HAL_RCCEx_GetPLL3ClockFreq  stm32h7xx_hal_rcc_ex.o
    0x08000f9c   0x08000f9c   0x00000b38   Code   RO          979    i.HAL_RCCEx_PeriphCLKConfig  stm32h7xx_hal_rcc_ex.o
    0x08001ad4   0x08001ad4   0x00000250   Code   RO          794    i.HAL_RCC_ClockConfig  stm32h7xx_hal_rcc.o
    0x08001d24   0x08001d24   0x00000038   Code   RO          798    i.HAL_RCC_GetHCLKFreq  stm32h7xx_hal_rcc.o
    0x08001d5c   0x08001d5c   0x0000002c   Code   RO          800    i.HAL_RCC_GetPCLK1Freq  stm32h7xx_hal_rcc.o
    0x08001d88   0x08001d88   0x0000002c   Code   RO          801    i.HAL_RCC_GetPCLK2Freq  stm32h7xx_hal_rcc.o
    0x08001db4   0x08001db4   0x00000244   Code   RO          802    i.HAL_RCC_GetSysClockFreq  stm32h7xx_hal_rcc.o
    0x08001ff8   0x08001ff8   0x000006c4   Code   RO          805    i.HAL_RCC_OscConfig  stm32h7xx_hal_rcc.o
    0x080026bc   0x080026bc   0x000000cc   Code   RO         3072    i.HAL_SD_ConfigWideBusOperation  stm32h7xx_hal_sd.o
    0x08002788   0x08002788   0x000001c8   Code   RO         3077    i.HAL_SD_GetCardCSD  stm32h7xx_hal_sd.o
    0x08002950   0x08002950   0x00000024   Code   RO         3079    i.HAL_SD_GetCardState  stm32h7xx_hal_sd.o
    0x08002974   0x08002974   0x000000bc   Code   RO         3080    i.HAL_SD_GetCardStatus  stm32h7xx_hal_sd.o
    0x08002a30   0x08002a30   0x000000d4   Code   RO         3084    i.HAL_SD_Init       stm32h7xx_hal_sd.o
    0x08002b04   0x08002b04   0x00000076   Code   RO         3085    i.HAL_SD_InitCard   stm32h7xx_hal_sd.o
    0x08002b7a   0x08002b7a   0x00000002   PAD
    0x08002b7c   0x08002b7c   0x000000c8   Code   RO         4413    i.HAL_SD_MspInit    bsp_sd_card.o
    0x08002c44   0x08002c44   0x00000068   Code   RO         1697    i.HAL_SRAM_Init     stm32h7xx_hal_sram.o
    0x08002cac   0x08002cac   0x00000002   Code   RO         1699    i.HAL_SRAM_MspInit  stm32h7xx_hal_sram.o
    0x08002cae   0x08002cae   0x00000034   Code   RO          662    i.HAL_SYSTICK_Config  stm32h7xx_hal_cortex.o
    0x08002ce2   0x08002ce2   0x00000078   Code   RO         1305    i.HAL_UART_Init     stm32h7xx_hal_uart.o
    0x08002d5a   0x08002d5a   0x00000002   Code   RO         1307    i.HAL_UART_MspInit  stm32h7xx_hal_uart.o
    0x08002d5c   0x08002d5c   0x000000a0   Code   RO         4111    i.HC574_ConfigFMC   bsp_fmc_io.o
    0x08002dfc   0x08002dfc   0x00000118   Code   RO         4112    i.HC574_ConfigGPIO  bsp_fmc_io.o
    0x08002f14   0x08002f14   0x00000018   Code   RO         4113    i.HC574_GetPin      bsp_fmc_io.o
    0x08002f2c   0x08002f2c   0x0000002c   Code   RO         4114    i.HC574_SetPin      bsp_fmc_io.o
    0x08002f58   0x08002f58   0x00000108   Code   RO         5787    i.HardFaultHandler  segger_hardfaulthandler.o
    0x08003060   0x08003060   0x000001c0   Code   RO         4178    i.InitHardUart      bsp_uart_fifo.o
    0x08003220   0x08003220   0x00000092   Code   RO         3761    i.MPU_Config        bsp.o
    0x080032b2   0x080032b2   0x00000004   Code   RO         4361    i.MemManage_Handler  stm32h7xx_it.o
    0x080032b6   0x080032b6   0x00000002   Code   RO         4362    i.NMI_Handler       stm32h7xx_it.o
    0x080032b8   0x080032b8   0x00000130   Code   RO          982    i.RCCEx_PLL2_Config  stm32h7xx_hal_rcc_ex.o
    0x080033e8   0x080033e8   0x00000130   Code   RO          983    i.RCCEx_PLL3_Config  stm32h7xx_hal_rcc_ex.o
    0x08003518   0x08003518   0x00000044   Code   RO         4179    i.RS485_InitTXE     bsp_uart_fifo.o
    0x0800355c   0x0800355c   0x00000002   Code   RO         4180    i.RS485_ReciveNew   bsp_uart_fifo.o
    0x0800355e   0x0800355e   0x00000002   PAD
    0x08003560   0x08003560   0x0000000c   Code   RO         4181    i.RS485_SendBefor   bsp_uart_fifo.o
    0x0800356c   0x0800356c   0x0000000c   Code   RO         4183    i.RS485_SendOver    bsp_uart_fifo.o
    0x08003578   0x08003578   0x0000009c   Code   RO         3762    i.SCB_EnableDCache  bsp.o
    0x08003614   0x08003614   0x0000007c   Code   RO         3763    i.SCB_EnableICache  bsp.o
    0x08003690   0x08003690   0x0000003a   Code   RO         3370    i.SDMMC_CmdAppCommand  stm32h7xx_ll_sdmmc.o
    0x080036ca   0x080036ca   0x00000034   Code   RO         3371    i.SDMMC_CmdAppOperCommand  stm32h7xx_ll_sdmmc.o
    0x080036fe   0x080036fe   0x00000038   Code   RO         3372    i.SDMMC_CmdBlockLength  stm32h7xx_ll_sdmmc.o
    0x08003736   0x08003736   0x0000003a   Code   RO         3373    i.SDMMC_CmdBusWidth  stm32h7xx_ll_sdmmc.o
    0x08003770   0x08003770   0x0000002c   Code   RO         3377    i.SDMMC_CmdGoIdleState  stm32h7xx_ll_sdmmc.o
    0x0800379c   0x0800379c   0x00000034   Code   RO         3379    i.SDMMC_CmdOperCond  stm32h7xx_ll_sdmmc.o
    0x080037d0   0x080037d0   0x0000003c   Code   RO         3384    i.SDMMC_CmdSelDesel  stm32h7xx_ll_sdmmc.o
    0x0800380c   0x0800380c   0x00000034   Code   RO         3385    i.SDMMC_CmdSendCID  stm32h7xx_ll_sdmmc.o
    0x08003840   0x08003840   0x00000034   Code   RO         3386    i.SDMMC_CmdSendCSD  stm32h7xx_ll_sdmmc.o
    0x08003874   0x08003874   0x0000003a   Code   RO         3388    i.SDMMC_CmdSendSCR  stm32h7xx_ll_sdmmc.o
    0x080038ae   0x080038ae   0x0000003a   Code   RO         3389    i.SDMMC_CmdSendStatus  stm32h7xx_ll_sdmmc.o
    0x080038e8   0x080038e8   0x0000003a   Code   RO         3390    i.SDMMC_CmdSetRelAdd  stm32h7xx_ll_sdmmc.o
    0x08003922   0x08003922   0x0000003a   Code   RO         3391    i.SDMMC_CmdStatusRegister  stm32h7xx_ll_sdmmc.o
    0x0800395c   0x0800395c   0x0000003a   Code   RO         3393    i.SDMMC_CmdSwitch   stm32h7xx_ll_sdmmc.o
    0x08003996   0x08003996   0x0000002c   Code   RO         3397    i.SDMMC_ConfigData  stm32h7xx_ll_sdmmc.o
    0x080039c2   0x080039c2   0x00000002   PAD
    0x080039c4   0x080039c4   0x00000044   Code   RO         3398    i.SDMMC_GetCmdError  stm32h7xx_ll_sdmmc.o
    0x08003a08   0x08003a08   0x000001a8   Code   RO         3399    i.SDMMC_GetCmdResp1  stm32h7xx_ll_sdmmc.o
    0x08003bb0   0x08003bb0   0x00000060   Code   RO         3400    i.SDMMC_GetCmdResp2  stm32h7xx_ll_sdmmc.o
    0x08003c10   0x08003c10   0x00000050   Code   RO         3401    i.SDMMC_GetCmdResp3  stm32h7xx_ll_sdmmc.o
    0x08003c60   0x08003c60   0x000000b4   Code   RO         3402    i.SDMMC_GetCmdResp6  stm32h7xx_ll_sdmmc.o
    0x08003d14   0x08003d14   0x00000064   Code   RO         3403    i.SDMMC_GetCmdResp7  stm32h7xx_ll_sdmmc.o
    0x08003d78   0x08003d78   0x00000008   Code   RO         3404    i.SDMMC_GetCommandResponse  stm32h7xx_ll_sdmmc.o
    0x08003d80   0x08003d80   0x0000000a   Code   RO         3407    i.SDMMC_GetPowerState  stm32h7xx_ll_sdmmc.o
    0x08003d8a   0x08003d8a   0x0000000c   Code   RO         3408    i.SDMMC_GetResponse  stm32h7xx_ll_sdmmc.o
    0x08003d96   0x08003d96   0x00000002   PAD
    0x08003d98   0x08003d98   0x00000034   Code   RO         3409    i.SDMMC_Init        stm32h7xx_ll_sdmmc.o
    0x08003dcc   0x08003dcc   0x00000016   Code   RO         3412    i.SDMMC_PowerState_ON  stm32h7xx_ll_sdmmc.o
    0x08003de2   0x08003de2   0x00000008   Code   RO         3413    i.SDMMC_ReadFIFO    stm32h7xx_ll_sdmmc.o
    0x08003dea   0x08003dea   0x00000002   PAD
    0x08003dec   0x08003dec   0x0000002c   Code   RO         3414    i.SDMMC_SendCommand  stm32h7xx_ll_sdmmc.o
    0x08003e18   0x08003e18   0x00000140   Code   RO         3096    i.SD_FindSCR        stm32h7xx_hal_sd.o
    0x08003f58   0x08003f58   0x00000138   Code   RO         3097    i.SD_HighSpeed      stm32h7xx_hal_sd.o
    0x08004090   0x08004090   0x000000ec   Code   RO         3098    i.SD_InitCard       stm32h7xx_hal_sd.o
    0x0800417c   0x0800417c   0x000000b4   Code   RO         3100    i.SD_PowerON        stm32h7xx_hal_sd.o
    0x08004230   0x08004230   0x00000134   Code   RO         3102    i.SD_SendSDStatus   stm32h7xx_hal_sd.o
    0x08004364   0x08004364   0x00000030   Code   RO         3103    i.SD_SendStatus     stm32h7xx_hal_sd.o
    0x08004394   0x08004394   0x00000068   Code   RO         3104    i.SD_WideBus_Disable  stm32h7xx_hal_sd.o
    0x080043fc   0x080043fc   0x00000068   Code   RO         3105    i.SD_WideBus_Enable  stm32h7xx_hal_sd.o
    0x08004464   0x08004464   0x00000038   Code   RO         5650    i.SysTick_Handler   port.o
    0x0800449c   0x0800449c   0x00000110   Code   RO         3764    i.SystemClock_Config  bsp.o
    0x080045ac   0x080045ac   0x00000094   Code   RO           14    i.SystemInit        system_stm32h7xx.o
    0x08004640   0x08004640   0x000000b4   Code   RO         3994    i.TIM2_IRQHandler   bsp_timer.o
    0x080046f4   0x080046f4   0x000000ea   Code   RO         1318    i.UART_AdvFeatureConfig  stm32h7xx_hal_uart.o
    0x080047de   0x080047de   0x00000074   Code   RO         1319    i.UART_CheckIdleState  stm32h7xx_hal_uart.o
    0x08004852   0x08004852   0x00000002   PAD
    0x08004854   0x08004854   0x000009a4   Code   RO         1334    i.UART_SetConfig    stm32h7xx_hal_uart.o
    0x080051f8   0x080051f8   0x0000006c   Code   RO         1336    i.UART_WaitOnFlagUntilTimeout  stm32h7xx_hal_uart.o
    0x08005264   0x08005264   0x00000010   Code   RO         4186    i.USART1_IRQHandler  bsp_uart_fifo.o
    0x08005274   0x08005274   0x00000010   Code   RO         4187    i.USART3_IRQHandler  bsp_uart_fifo.o
    0x08005284   0x08005284   0x0000017a   Code   RO         4189    i.UartIRQ           bsp_uart_fifo.o
    0x080053fe   0x080053fe   0x00000002   PAD
    0x08005400   0x08005400   0x00000094   Code   RO         4192    i.UartVarInit       bsp_uart_fifo.o
    0x08005494   0x08005494   0x00000004   Code   RO         4363    i.UsageFault_Handler  stm32h7xx_it.o
    0x08005498   0x08005498   0x00000020   Code   RO         5916    i.__0printf$3       mc_w.l(printf3.o)
    0x080054b8   0x080054b8   0x00000010   Code   RO          664    i.__NVIC_GetPriorityGrouping  stm32h7xx_hal_cortex.o
    0x080054c8   0x080054c8   0x00000028   Code   RO          665    i.__NVIC_SetPriority  stm32h7xx_hal_cortex.o
    0x080054f0   0x080054f0   0x0000000e   Code   RO         6130    i.__scatterload_copy  mc_w.l(handlers.o)
    0x080054fe   0x080054fe   0x00000002   Code   RO         6131    i.__scatterload_null  mc_w.l(handlers.o)
    0x08005500   0x08005500   0x0000000e   Code   RO         6132    i.__scatterload_zeroinit  mc_w.l(handlers.o)
    0x0800550e   0x0800550e   0x00000002   PAD
    0x08005510   0x08005510   0x000001b8   Code   RO         5923    i._printf_core      mc_w.l(printf3.o)
    0x080056c8   0x080056c8   0x00000028   Code   RO         3766    i.bsp_Init          bsp.o
    0x080056f0   0x080056f0   0x00000024   Code   RO         4116    i.bsp_InitExtIO     bsp_fmc_io.o
    0x08005714   0x08005714   0x0000000c   Code   RO         3896    i.bsp_InitKey       bsp_key.o
    0x08005720   0x08005720   0x000000c0   Code   RO         3897    i.bsp_InitKeyHard   bsp_key.o
    0x080057e0   0x080057e0   0x00000078   Code   RO         3898    i.bsp_InitKeyVar    bsp_key.o
    0x08005858   0x08005858   0x0000001c   Code   RO         3838    i.bsp_InitLed       bsp_led.o
    0x08005874   0x08005874   0x00000010   Code   RO         4194    i.bsp_InitUart      bsp_uart_fifo.o
    0x08005884   0x08005884   0x0000003c   Code   RO         3840    i.bsp_LedOff        bsp_led.o
    0x080058c0   0x080058c0   0x00000046   Code   RO         3842    i.bsp_LedToggle     bsp_led.o
    0x08005906   0x08005906   0x00000002   PAD
    0x08005908   0x08005908   0x00000024   Code   RO         3902    i.bsp_SetKeyParam   bsp_key.o
    0x0800592c   0x0800592c   0x00000068   Code   RO         4195    i.bsp_SetUartParam  bsp_uart_fifo.o
    0x08005994   0x08005994   0x0000008c   Code   RO         4419    i.bsp_sd_init       bsp_sd_card.o
    0x08005a20   0x08005a20   0x00000018   Code   RO         4203    i.fputc             bsp_uart_fifo.o
    0x08005a38   0x08005a38   0x00000012   Code   RO         3666    i.main              main.o
    0x08005a4a   0x08005a4a   0x00000002   PAD
    0x08005a4c   0x08005a4c   0x00000098   Code   RO         5107    i.prvAddCurrentTaskToDelayedList  tasks.o
    0x08005ae4   0x08005ae4   0x000000b8   Code   RO         5108    i.prvAddNewTaskToReadyList  tasks.o
    0x08005b9c   0x08005b9c   0x00000064   Code   RO         5477    i.prvCheckForValidListAndQueue  timers.o
    0x08005c00   0x08005c00   0x00000048   Code   RO         5109    i.prvCheckTasksWaitingTermination  tasks.o
    0x08005c48   0x08005c48   0x0000002a   Code   RO         4718    i.prvCopyDataFromQueue  queue.o
    0x08005c72   0x08005c72   0x0000007e   Code   RO         4719    i.prvCopyDataToQueue  queue.o
    0x08005cf0   0x08005cf0   0x00000012   Code   RO         5110    i.prvDeleteTCB      tasks.o
    0x08005d02   0x08005d02   0x00000002   PAD
    0x08005d04   0x08005d04   0x00000028   Code   RO         5478    i.prvGetNextExpireTime  timers.o
    0x08005d2c   0x08005d2c   0x0000007c   Code   RO         5726    i.prvHeapInit       heap_4.o
    0x08005da8   0x08005da8   0x00000028   Code   RO         5111    i.prvIdleTask       tasks.o
    0x08005dd0   0x08005dd0   0x0000002a   Code   RO         4722    i.prvInitialiseNewQueue  queue.o
    0x08005dfa   0x08005dfa   0x000000c2   Code   RO         5112    i.prvInitialiseNewTask  tasks.o
    0x08005ebc   0x08005ebc   0x00000068   Code   RO         5113    i.prvInitialiseTaskLists  tasks.o
    0x08005f24   0x08005f24   0x00000068   Code   RO         5727    i.prvInsertBlockIntoFreeList  heap_4.o
    0x08005f8c   0x08005f8c   0x00000058   Code   RO         5480    i.prvInsertTimerInActiveList  timers.o
    0x08005fe4   0x08005fe4   0x0000001a   Code   RO         4723    i.prvIsQueueEmpty   queue.o
    0x08005ffe   0x08005ffe   0x0000001e   Code   RO         4724    i.prvIsQueueFull    queue.o
    0x0800601c   0x0800601c   0x00000078   Code   RO         5481    i.prvProcessExpiredTimer  timers.o
    0x08006094   0x08006094   0x00000170   Code   RO         5482    i.prvProcessReceivedCommands  timers.o
    0x08006204   0x08006204   0x00000074   Code   RO         5483    i.prvProcessTimerOrBlockTask  timers.o
    0x08006278   0x08006278   0x00000030   Code   RO         5115    i.prvResetNextTaskUnblockTime  tasks.o
    0x080062a8   0x080062a8   0x0000002c   Code   RO         5484    i.prvSampleTimeNow  timers.o
    0x080062d4   0x080062d4   0x000000a8   Code   RO         5485    i.prvSwitchTimerLists  timers.o
    0x0800637c   0x0800637c   0x00000048   Code   RO         5651    i.prvTaskExitError  port.o
    0x080063c4   0x080063c4   0x0000001a   Code   RO         5486    i.prvTimerTask      timers.o
    0x080063de   0x080063de   0x0000007e   Code   RO         4725    i.prvUnlockQueue    queue.o
    0x0800645c   0x0800645c   0x00000158   Code   RO         5728    i.pvPortMalloc      heap_4.o
    0x080065b4   0x080065b4   0x0000002c   Code   RO         5652    i.pxPortInitialiseStack  port.o
    0x080065e0   0x080065e0   0x00000028   Code   RO         4678    i.uxListRemove      list.o
    0x08006608   0x08006608   0x0000001a   Code   RO         4679    i.vListInitialise   list.o
    0x08006622   0x08006622   0x00000006   Code   RO         4680    i.vListInitialiseItem  list.o
    0x08006628   0x08006628   0x00000034   Code   RO         4681    i.vListInsert       list.o
    0x0800665c   0x0800665c   0x00000018   Code   RO         4682    i.vListInsertEnd    list.o
    0x08006674   0x08006674   0x0000005c   Code   RO         5654    i.vPortEnterCritical  port.o
    0x080066d0   0x080066d0   0x00000040   Code   RO         5655    i.vPortExitCritical  port.o
    0x08006710   0x08006710   0x000000ac   Code   RO         5729    i.vPortFree         heap_4.o
    0x080067bc   0x080067bc   0x00000028   Code   RO         5656    i.vPortSetupTimerInterrupt  port.o
    0x080067e4   0x080067e4   0x00000080   Code   RO         5657    i.vPortValidateInterruptPriority  port.o
    0x08006864   0x08006864   0x0000002c   Code   RO         4731    i.vQueueAddToRegistry  queue.o
    0x08006890   0x08006890   0x0000004a   Code   RO         4735    i.vQueueWaitForMessageRestricted  queue.o
    0x080068da   0x080068da   0x00000002   PAD
    0x080068dc   0x080068dc   0x00000060   Code   RO         5128    i.vTaskDelay        tasks.o
    0x0800693c   0x0800693c   0x00000018   Code   RO         5134    i.vTaskInternalSetTimeOutState  tasks.o
    0x08006954   0x08006954   0x00000010   Code   RO         4508    i.vTaskLED          task.o
    0x08006964   0x08006964   0x0000000c   Code   RO         5135    i.vTaskMissedYield  tasks.o
    0x08006970   0x08006970   0x0000003c   Code   RO         5136    i.vTaskPlaceOnEventList  tasks.o
    0x080069ac   0x080069ac   0x00000044   Code   RO         5137    i.vTaskPlaceOnEventListRestricted  tasks.o
    0x080069f0   0x080069f0   0x0000009c   Code   RO         5145    i.vTaskStartScheduler  tasks.o
    0x08006a8c   0x08006a8c   0x00000010   Code   RO         5147    i.vTaskSuspendAll   tasks.o
    0x08006a9c   0x08006a9c   0x00000090   Code   RO         5148    i.vTaskSwitchContext  tasks.o
    0x08006b2c   0x08006b2c   0x00000114   Code   RO         5658    i.xPortStartScheduler  port.o
    0x08006c40   0x08006c40   0x00000084   Code   RO         4738    i.xQueueGenericCreate  queue.o
    0x08006cc4   0x08006cc4   0x0000009c   Code   RO         4739    i.xQueueGenericReset  queue.o
    0x08006d60   0x08006d60   0x000001b8   Code   RO         4740    i.xQueueGenericSend  queue.o
    0x08006f18   0x08006f18   0x00000134   Code   RO         4741    i.xQueueGenericSendFromISR  queue.o
    0x0800704c   0x0800704c   0x00000174   Code   RO         4750    i.xQueueReceive     queue.o
    0x080071c0   0x080071c0   0x00000098   Code   RO         5150    i.xTaskCheckForTimeOut  tasks.o
    0x08007258   0x08007258   0x00000060   Code   RO         5151    i.xTaskCreate       tasks.o
    0x080072b8   0x080072b8   0x00000020   Code   RO         5157    i.xTaskGetSchedulerState  tasks.o
    0x080072d8   0x080072d8   0x0000000c   Code   RO         5158    i.xTaskGetTickCount  tasks.o
    0x080072e4   0x080072e4   0x0000014c   Code   RO         5160    i.xTaskIncrementTick  tasks.o
    0x08007430   0x08007430   0x000000c4   Code   RO         5161    i.xTaskPriorityDisinherit  tasks.o
    0x080074f4   0x080074f4   0x0000009c   Code   RO         5163    i.xTaskRemoveFromEventList  tasks.o
    0x08007590   0x08007590   0x00000108   Code   RO         5164    i.xTaskResumeAll    tasks.o
    0x08007698   0x08007698   0x00000058   Code   RO         5494    i.xTimerCreateTimerTask  timers.o
    0x080076f0   0x080076f0   0x00000088   Code   RO         5495    i.xTimerGenericCommand  timers.o
    0x08007778   0x08007778   0x00000040   Data   RO           15    .constdata          system_stm32h7xx.o
    0x080077b8   0x080077b8   0x00000030   Data   RO         1337    .constdata          stm32h7xx_hal_uart.o
    0x080077e8   0x080077e8   0x00000070   Data   RO         3904    .constdata          bsp_key.o
    0x08007858   0x08007858   0x00000020   Data   RO         6128    Region$$Table       anon$$obj.o


    Execution Region RW_IRAM1 (Exec base: 0x20000000, Load base: 0x08007878, Size: 0x000061d8, Max: 0x00020000, ABSOLUTE)

    Exec Addr    Load Addr    Size         Type   Attr      Idx    E Section Name        Object

    0x20000000   0x08007878   0x00000008   Data   RW           16    .data               system_stm32h7xx.o
    0x20000008   0x08007880   0x00000009   Data   RW          376    .data               stm32h7xx_hal.o
    0x20000011   0x08007889   0x00000003   PAD
    0x20000014   0x0800788c   0x0000001e   Data   RW         4010    .data               bsp_timer.o
    0x20000032   0x080078aa   0x00000002   PAD
    0x20000034   0x080078ac   0x00000004   Data   RW         4119    .data               bsp_fmc_io.o
    0x20000038   0x080078b0   0x0000000c   Data   RW         4510    .data               task.o
    0x20000044   0x080078bc   0x0000003c   Data   RW         5167    .data               tasks.o
    0x20000080   0x080078f8   0x00000014   Data   RW         5503    .data               timers.o
    0x20000094   0x0800790c   0x0000000c   Data   RW         5659    .data               port.o
    0x200000a0   0x08007918   0x00000020   Data   RW         5735    .data               heap_4.o
    0x200000c0   0x08007938   0x00000004   Data   RW         5790    .data               segger_hardfaulthandler.o
    0x200000c4   0x0800793c   0x00000004   Data   RW         6104    .data               mc_w.l(stdout.o)
    0x200000c8        -       0x000000ad   Zero   RW         3903    .bss                bsp_key.o
    0x20000175   0x08007940   0x00000003   PAD
    0x20000178        -       0x00001058   Zero   RW         4204    .bss                bsp_uart_fifo.o
    0x200011d0        -       0x0000007c   Zero   RW         4420    .bss                bsp_sd_card.o
    0x2000124c        -       0x00000040   Zero   RW         4754    .bss                queue.o
    0x2000128c        -       0x000002e4   Zero   RW         5166    .bss                tasks.o
    0x20001570        -       0x00000028   Zero   RW         5502    .bss                timers.o
    0x20001598        -       0x00003c00   Zero   RW         5734    .bss                heap_4.o
    0x20005198        -       0x00000040   Zero   RW         5788    .bss                segger_hardfaulthandler.o
    0x200051d8        -       0x00001000   Zero   RW            1    STACK               startup_stm32h743xx.o


==============================================================================

Image component sizes


      Code (inc. data)   RO Data    RW Data    ZI Data      Debug   Object Name

       758         48          0          0          0      39622   bsp.o
       544         90          0          4          0       3928   bsp_fmc_io.o
       360         22        112          0        173       3508   bsp_key.o
       158          0          0          0          0       1835   bsp_led.o
       340         96          0          0        124       2090   bsp_sd_card.o
       180         16          0         30          0       2405   bsp_timer.o
      1244        138          0          0       4184      11223   bsp_uart_fifo.o
         0          0          0          0          0      13724   event_groups.o
        18          0          0          0          0        352   hardfaulthandler.o
       744         74          0         32      15360       4891   heap_4.o
       148          0          0          0          0       3594   list.o
        18          0          0          0          0      17579   main.o
       966         86          0         12          0      11861   port.o
      1918         20          0          0         64      16934   queue.o
       264         62          0          4         64       3655   segger_hardfaulthandler.o
        36          8        664          0       4096       1000   startup_stm32h743xx.o
       178         28          0          9          0       4935   stm32h7xx_hal.o
       502         38          0          0          0      42097   stm32h7xx_hal_cortex.o
       588         54          0          0          0       1908   stm32h7xx_hal_gpio.o
      3048         86          0          0          0       6284   stm32h7xx_hal_rcc.o
      4692        118          0          0          0       7727   stm32h7xx_hal_rcc_ex.o
      2826         38          0          0          0      13733   stm32h7xx_hal_sd.o
       106          4          0          0          0       1919   stm32h7xx_hal_sram.o
      3048        130         48          0          0       6660   stm32h7xx_hal_uart.o
        16          0          0          0          0       2557   stm32h7xx_it.o
       294         10          0          0          0       2976   stm32h7xx_ll_fmc.o
      1922         66          0          0          0      22442   stm32h7xx_ll_sdmmc.o
       148         18         64          8          0    1233418   system_stm32h7xx.o
        64         22          0         12          0       1460   task.o
      2628        346          0         60        740      28522   tasks.o
      1294        114          0         20         40      26631   timers.o

    ----------------------------------------------------------------------
     29080       1732        920        196      24848    1541470   Object Totals
         0          0         32          0          0          0   (incl. Generated)
        30          0          0          5          3          0   (incl. Padding)

    ----------------------------------------------------------------------

      Code (inc. data)   RO Data    RW Data    ZI Data      Debug   Library Member Name

         0          0          0          0          0          0   entry.o
         0          0          0          0          0          0   entry10a.o
         0          0          0          0          0          0   entry11a.o
         4          0          0          0          0          0   entry12b.o
         8          4          0          0          0          0   entry2.o
         4          0          0          0          0          0   entry5.o
         0          0          0          0          0          0   entry7b.o
         0          0          0          0          0          0   entry8b.o
         8          4          0          0          0          0   entry9a.o
        30          0          0          0          0          0   handlers.o
        36          8          0          0          0         68   init.o
        30          0          0          0          0         68   llshl.o
        32          0          0          0          0         68   llushr.o
        36          0          0          0          0         68   memcpya.o
        36          0          0          0          0        108   memseta.o
       472         14          0          0          0        184   printf3.o
         0          0          0          4          0          0   stdout.o
        44          0          0          0          0         80   uidiv.o
        98          0          0          0          0         92   uldiv.o

    ----------------------------------------------------------------------
       840         30          0          4          0        736   Library Totals
         2          0          0          0          0          0   (incl. Padding)

    ----------------------------------------------------------------------

      Code (inc. data)   RO Data    RW Data    ZI Data      Debug   Library Name

       838         30          0          4          0        736   mc_w.l

    ----------------------------------------------------------------------
       840         30          0          4          0        736   Library Totals

    ----------------------------------------------------------------------

==============================================================================


      Code (inc. data)   RO Data    RW Data    ZI Data      Debug   

     29920       1762        920        200      24848    1523598   Grand Totals
     29920       1762        920        200      24848    1523598   ELF Image Totals
     29920       1762        920        200          0          0   ROM Totals

==============================================================================

    Total RO  Size (Code + RO Data)                30840 (  30.12kB)
    Total RW  Size (RW Data + ZI Data)             25048 (  24.46kB)
    Total ROM Size (Code + RO Data + RW Data)      31040 (  30.31kB)

==============================================================================

