<html>
<body>
<pre>
<h1>礦ision Build Log</h1>
<h2>Tool Versions:</h2>
IDE-Version: μVision V5.36.0.0
Copyright (C) 2021 ARM Ltd and ARM Germany GmbH. All rights reserved.
License Information: 11 11, 11, LIC=14HV2-94URX-30HNC-72TAD-QZ6PK-SNWBM
 
Tool Versions:
Toolchain:       MDK-ARM Plus  Version: 5.36.0.0
Toolchain Path:  D:\Keil_v5\ARM\ARMCC\Bin
C Compiler:      Armcc.exe V5.06 update 7 (build 960)
Assembler:       Armasm.exe V5.06 update 7 (build 960)
Linker/Locator:  ArmLink.exe V5.06 update 7 (build 960)
Library Manager: ArmAr.exe V5.06 update 7 (build 960)
Hex Converter:   FromElf.exe V5.06 update 7 (build 960)
CPU DLL:         SARMCM3.DLL V5.36.0.0
Dialog DLL:      DCM.DLL V1.17.3.0
Target DLL:      STLink\ST-LINKIII-KEIL_SWO.dll V3.0.9.0
Dialog DLL:      TCM.DLL V1.53.0.0
 
<h2>Project:</h2>
C:\Users\Administrator\Desktop\Github\FreeRTOS-V7\FreeRTOS-V7\Project\MDK-ARM(uV5)\project.uvprojx
Project File Date:  03/16/2023

<h2>Output:</h2>
*** Using Compiler 'V5.06 update 7 (build 960)', folder: 'D:\Keil_v5\ARM\ARMCC\Bin'
Build target 'Flash'
compiling bsp.c...
..\..\User\bsp\inc\bsp_sd_card.h(23): warning:  #1-D: last line of file ends without a newline
  #endif
..\..\User\bsp\inc\bsp_sd_card.h(23): warning:  #1-D: last line of file ends without a newline
  #endif
..\..\User\bsp\bsp.c: 2 warnings, 0 errors
linking...
Program Size: Code=29920 RO-data=920 RW-data=200 ZI-data=24848  
FromELF: creating hex file...
After Build - User command #1: CopyHex_Flash.bat
C:\Users\Administrator\Desktop\Github\FreeRTOS-V7\FreeRTOS-V7\Project\MDK-ARM(uV5)>copy Objects\output.hex ..\output(mdk).hex 
已复制         1 个文件。
".\Objects\output.axf" - 0 Error(s), 2 Warning(s).

<h2>Software Packages used:</h2>

Package Vendor: Keil
                https://www.keil.com/pack/Keil.STM32H7xx_DFP.2.5.0.pack
                Keil.STM32H7xx_DFP.2.5.0
                STMicroelectronics STM32H7 Series Device Support and Examples

<h2>Collection of Component include folders:</h2>
  D:\Keil_v5\Keil\STM32H7xx_DFP\2.5.0\Drivers\CMSIS\Device\ST\STM32H7xx\Include

<h2>Collection of Component Files used:</h2>
Build Time Elapsed:  00:00:18
</pre>
</body>
</html>
